[0.039s] Invoking command in '/home/hsy/Mypro/create3_ws/build/edge_following': CMAKE_PREFIX_PATH=/opt/ros/galactic /usr/bin/cmake --build /home/hsy/Mypro/create3_ws/build/edge_following -- -j8 -l8
[0.105s] -- Found ament_cmake: 1.1.6 (/opt/ros/galactic/share/ament_cmake/cmake)
[0.160s] -- Using PYTHON_EXECUTABLE: /usr/bin/python3
[0.306s] -- Found rclcpp: 9.2.2 (/opt/ros/galactic/share/rclcpp/cmake)
[0.372s] -- Using all available rosidl_typesupport_c: rosidl_typesupport_fastrtps_c;rosidl_typesupport_introspection_c
[0.376s] -- Found rosidl_adapter: 2.2.3 (/opt/ros/galactic/share/rosidl_adapter/cmake)
[0.676s] -- Using all available rosidl_typesupport_cpp: rosidl_typesupport_fastrtps_cpp;rosidl_typesupport_introspection_cpp
[0.800s] -- Found rmw_implementation_cmake: 3.3.1 (/opt/ros/galactic/share/rmw_implementation_cmake/cmake)
[0.806s] -- Found rmw_fastrtps_cpp: 5.0.2 (/opt/ros/galactic/share/rmw_fastrtps_cpp/cmake)
[1.059s] -- Using RMW implementation 'rmw_fastrtps_cpp' as default
[1.440s] -- Found sensor_msgs: 2.2.4 (/opt/ros/galactic/share/sensor_msgs/cmake)
[1.758s] -- Found visualization_msgs: 2.2.4 (/opt/ros/galactic/share/visualization_msgs/cmake)
[1.930s] -- Found tf2: 0.17.5 (/opt/ros/galactic/share/tf2/cmake)
[1.950s] -- Found tf2_ros: 0.17.5 (/opt/ros/galactic/share/tf2_ros/cmake)
[2.745s] -- Found tf2_geometry_msgs: 0.17.5 (/opt/ros/galactic/share/tf2_geometry_msgs/cmake)
[2.771s] -- Found eigen3_cmake_module: 0.1.1 (/opt/ros/galactic/share/eigen3_cmake_module/cmake)
[2.850s] -- Found ament_lint_auto: 0.10.7 (/opt/ros/galactic/share/ament_lint_auto/cmake)
[3.054s] -- Added test 'copyright' to check source files copyright and LICENSE
[3.059s] -- Added test 'cppcheck' to perform static code analysis on C / C++ code
[3.059s] -- Configured cppcheck include dirs: $<BUILD_INTERFACE:/home/hsy/Mypro/create3_ws/src/edge_following/include>
[3.059s] -- Configured cppcheck exclude dirs and/or files: 
[3.061s] -- Added test 'cpplint' to check C / C++ code against the Google style
[3.061s] -- Configured cpplint exclude dirs and/or files: 
[3.064s] -- Added test 'lint_cmake' to check CMake code style
[3.067s] -- Added test 'uncrustify' to check C / C++ code style
[3.068s] -- Configured uncrustify additional arguments: 
[3.068s] -- Added test 'xmllint' to check XML markup files
[3.075s] -- Configuring done
[3.112s] -- Generating done
[3.127s] -- Build files have been written to: /home/hsy/Mypro/create3_ws/build/edge_following
[3.198s] [35m[1mScanning dependencies of target edge_following_node[0m
[3.253s] [ 50%] [32mBuilding CXX object CMakeFiles/edge_following_node.dir/src/edge_following_node.cpp.o[0m
[10.079s] [01m[K/home/hsy/Mypro/create3_ws/src/edge_following/src/edge_following_node.cpp:[m[K In member function ‘[01m[Kvoid EdgeFollower::handle_rotating_left(sensor_msgs::msg::LaserScan_<std::allocator<void> >::SharedPtr)[m[K’:
[10.079s] [01m[K/home/hsy/Mypro/create3_ws/src/edge_following/src/edge_following_node.cpp:132:76:[m[K [01;35m[Kwarning: [m[Kunused parameter ‘[01m[Kmsg[m[K’ [[01;35m[K-Wunused-parameter[m[K]
[10.080s]   132 |     void handle_rotating_left([01;35m[Kconst sensor_msgs::msg::LaserScan::SharedPtr msg[m[K) {
[10.080s]       |                               [01;35m[K~~~~~~~~~~~~~~~~~~~~~~~~~~~~~~~~~~~~~~~~~~~~~^~~[m[K
[10.080s] [01m[K/home/hsy/Mypro/create3_ws/src/edge_following/src/edge_following_node.cpp:[m[K In member function ‘[01m[Kvoid EdgeFollower::handle_wall_following(sensor_msgs::msg::LaserScan_<std::allocator<void> >::SharedPtr)[m[K’:
[10.080s] [01m[K/home/hsy/Mypro/create3_ws/src/edge_following/src/edge_following_node.cpp:153:25:[m[K [01;35m[Kwarning: [m[Kcomparison of integer expressions of different signedness: ‘[01m[Kint[m[K’ and ‘[01m[Kstd::vector<float>::size_type[m[K’ {aka ‘[01m[Klong unsigned int[m[K’} [[01;35m[K-Wsign-compare[m[K]
[10.080s]   153 |         if ([01;35m[Kright_index >= msg->ranges.size()[m[K) {
[10.080s]       |             [01;35m[K~~~~~~~~~~~~^~~~~~~~~~~~~~~~~~~~~[m[K
[28.656s] [100%] [32m[1mLinking CXX executable edge_following_node[0m
[29.835s] [100%] Built target edge_following_node
[29.865s] Invoked command in '/home/hsy/Mypro/create3_ws/build/edge_following' returned '0': CMAKE_PREFIX_PATH=/opt/ros/galactic /usr/bin/cmake --build /home/hsy/Mypro/create3_ws/build/edge_following -- -j8 -l8
[29.907s] Invoking command in '/home/hsy/Mypro/create3_ws/build/edge_following': CMAKE_PREFIX_PATH=/opt/ros/galactic /usr/bin/cmake --install /home/hsy/Mypro/create3_ws/build/edge_following
[29.930s] -- Install configuration: ""
[29.931s] -- Installing: /home/hsy/Mypro/create3_ws/install/edge_following/lib/edge_following/edge_following_node
[29.941s] -- Set runtime path of "/home/hsy/Mypro/create3_ws/install/edge_following/lib/edge_following/edge_following_node" to ""
[29.941s] -- Installing: /home/hsy/Mypro/create3_ws/install/edge_following/share/ament_index/resource_index/package_run_dependencies/edge_following
[29.942s] -- Installing: /home/hsy/Mypro/create3_ws/install/edge_following/share/ament_index/resource_index/parent_prefix_path/edge_following
[29.943s] -- Installing: /home/hsy/Mypro/create3_ws/install/edge_following/share/edge_following/environment/ament_prefix_path.sh
[29.944s] -- Installing: /home/hsy/Mypro/create3_ws/install/edge_following/share/edge_following/environment/ament_prefix_path.dsv
[29.944s] -- Installing: /home/hsy/Mypro/create3_ws/install/edge_following/share/edge_following/environment/path.sh
[29.945s] -- Installing: /home/hsy/Mypro/create3_ws/install/edge_following/share/edge_following/environment/path.dsv
[29.945s] -- Installing: /home/hsy/Mypro/create3_ws/install/edge_following/share/edge_following/local_setup.bash
[29.946s] -- Installing: /home/hsy/Mypro/create3_ws/install/edge_following/share/edge_following/local_setup.sh
[29.946s] -- Installing: /home/hsy/Mypro/create3_ws/install/edge_following/share/edge_following/local_setup.zsh
[29.947s] -- Installing: /home/hsy/Mypro/create3_ws/install/edge_following/share/edge_following/local_setup.dsv
[29.948s] -- Installing: /home/hsy/Mypro/create3_ws/install/edge_following/share/edge_following/package.dsv
[29.948s] -- Installing: /home/hsy/Mypro/create3_ws/install/edge_following/share/ament_index/resource_index/packages/edge_following
[29.948s] -- Installing: /home/hsy/Mypro/create3_ws/install/edge_following/share/edge_following/cmake/edge_followingConfig.cmake
[29.949s] -- Installing: /home/hsy/Mypro/create3_ws/install/edge_following/share/edge_following/cmake/edge_followingConfig-version.cmake
[29.949s] -- Installing: /home/hsy/Mypro/create3_ws/install/edge_following/share/edge_following/package.xml
[29.962s] Invoked command in '/home/hsy/Mypro/create3_ws/build/edge_following' returned '0': CMAKE_PREFIX_PATH=/opt/ros/galactic /usr/bin/cmake --install /home/hsy/Mypro/create3_ws/build/edge_following
