[33mCMake Warning (dev) at /opt/cmake-3.25.0/share/cmake-3.25/Modules/FindPackageHandleStandardArgs.cmake:438 (message):
  The package name passed to `find_package_handle_standard_args` (PkgConfig)
  does not match the name of the calling package (gazebo).  This can lead to
  problems in calling code that expects `find_package` result variables
  (e.g., `_FOUND`) to follow a certain pattern.
Call Stack (most recent call first):
  /opt/cmake-3.25.0/share/cmake-3.25/Modules/FindPkgConfig.cmake:99 (find_package_handle_standard_args)
  /usr/lib/x86_64-linux-gnu/cmake/gazebo/gazebo-config.cmake:72 (include)
  /opt/ros/galactic/share/gazebo_dev/cmake/gazebo_dev-extras.cmake:2 (find_package)
  /opt/ros/galactic/share/gazebo_dev/cmake/gazebo_devConfig.cmake:41 (include)
  /opt/ros/galactic/share/gazebo_ros/cmake/ament_cmake_export_dependencies-extras.cmake:21 (find_package)
  /opt/ros/galactic/share/gazebo_ros/cmake/gazebo_rosConfig.cmake:41 (include)
  CMakeLists.txt:11 (find_package)
This warning is for project developers.  Use -Wno-dev to suppress it.
[0m
[31mCMake Error at /opt/ros/galactic/share/ament_cmake_target_dependencies/cmake/ament_target_dependencies.cmake:77 (message):
  ament_target_dependencies() the passed package name 'xacro' was not found
  before
Call Stack (most recent call first):
  CMakeLists.txt:19 (ament_target_dependencies)

[0m
