[0.041s] Invoking command in '/home/hsy/Mypro/create3_ws/build/edge_following': CMAKE_PREFIX_PATH=${CMAKE_PREFIX_PATH}:/opt/ros/galactic /usr/bin/cmake --build /home/hsy/Mypro/create3_ws/build/edge_following -- -j8 -l8
[0.165s] [35m[1mScanning dependencies of target edge_following_node[0m
[0.262s] [ 50%] [32mBuilding CXX object CMakeFiles/edge_following_node.dir/src/edge_following_node.cpp.o[0m
[8.287s] [01m[K/home/hsy/Mypro/create3_ws/src/edge_following/src/edge_following_node.cpp:[m[K In member function ‘[01m[Kvoid EdgeFollower::handle_rotating_left(sensor_msgs::msg::LaserScan_<std::allocator<void> >::SharedPtr)[m[K’:
[8.288s] [01m[K/home/hsy/Mypro/create3_ws/src/edge_following/src/edge_following_node.cpp:186:76:[m[K [01;35m[Kwarning: [m[Kunused parameter ‘[01m[Kmsg[m[K’ [[01;35m[K-Wunused-parameter[m[K]
[8.288s]   186 | [01;35m[K:LaserScan::SharedPtr msg[m[K) {
[8.288s]       | [01;35m[K~~~~~~~~~~~~~~~~~~~~~~^~~[m[K
[8.288s] 
[8.289s] [01m[K/home/hsy/Mypro/create3_ws/src/edge_following/src/edge_following_node.cpp:[m[K In member function ‘[01m[Kvoid EdgeFollower::handle_wall_following(sensor_msgs::msg::LaserScan_<std::allocator<void> >::SharedPtr)[m[K’:
[8.289s] [01m[K/home/hsy/Mypro/create3_ws/src/edge_following/src/edge_following_node.cpp:207:25:[m[K [01;35m[Kwarning: [m[Kcomparison of integer expressions of different signedness: ‘[01m[Kint[m[K’ and ‘[01m[Kstd::vector<float>::size_type[m[K’ {aka ‘[01m[Klong unsigned int[m[K’} [[01;35m[K-Wsign-compare[m[K]
[8.289s]   207 |       if ([01;35m[Kright_index >= msg->ranges.size()[m[K) {
[8.289s]       |           [01;35m[K~~~~~~~~~~~~^~~~~~~~~~~~~~~~~~~~~[m[K
[8.289s] 
[27.638s] [100%] [32m[1mLinking CXX executable edge_following_node[0m
[28.852s] [100%] Built target edge_following_node
[28.887s] Invoked command in '/home/hsy/Mypro/create3_ws/build/edge_following' returned '0': CMAKE_PREFIX_PATH=${CMAKE_PREFIX_PATH}:/opt/ros/galactic /usr/bin/cmake --build /home/hsy/Mypro/create3_ws/build/edge_following -- -j8 -l8
[28.923s] Invoking command in '/home/hsy/Mypro/create3_ws/build/edge_following': CMAKE_PREFIX_PATH=${CMAKE_PREFIX_PATH}:/opt/ros/galactic /usr/bin/cmake --install /home/hsy/Mypro/create3_ws/build/edge_following
[28.946s] -- Install configuration: ""
[28.947s] -- Installing: /home/hsy/Mypro/create3_ws/install/edge_following/lib/edge_following/edge_following_node
[28.958s] -- Set runtime path of "/home/hsy/Mypro/create3_ws/install/edge_following/lib/edge_following/edge_following_node" to ""
[28.959s] -- Up-to-date: /home/hsy/Mypro/create3_ws/install/edge_following/share/ament_index/resource_index/package_run_dependencies/edge_following
[28.960s] -- Up-to-date: /home/hsy/Mypro/create3_ws/install/edge_following/share/ament_index/resource_index/parent_prefix_path/edge_following
[28.960s] -- Up-to-date: /home/hsy/Mypro/create3_ws/install/edge_following/share/edge_following/environment/ament_prefix_path.sh
[28.961s] -- Up-to-date: /home/hsy/Mypro/create3_ws/install/edge_following/share/edge_following/environment/ament_prefix_path.dsv
[28.961s] -- Up-to-date: /home/hsy/Mypro/create3_ws/install/edge_following/share/edge_following/environment/path.sh
[28.961s] -- Up-to-date: /home/hsy/Mypro/create3_ws/install/edge_following/share/edge_following/environment/path.dsv
[28.962s] -- Up-to-date: /home/hsy/Mypro/create3_ws/install/edge_following/share/edge_following/local_setup.bash
[28.962s] -- Up-to-date: /home/hsy/Mypro/create3_ws/install/edge_following/share/edge_following/local_setup.sh
[28.962s] -- Up-to-date: /home/hsy/Mypro/create3_ws/install/edge_following/share/edge_following/local_setup.zsh
[28.962s] -- Up-to-date: /home/hsy/Mypro/create3_ws/install/edge_following/share/edge_following/local_setup.dsv
[28.963s] -- Installing: /home/hsy/Mypro/create3_ws/install/edge_following/share/edge_following/package.dsv
[28.963s] -- Up-to-date: /home/hsy/Mypro/create3_ws/install/edge_following/share/ament_index/resource_index/packages/edge_following
[28.963s] -- Up-to-date: /home/hsy/Mypro/create3_ws/install/edge_following/share/edge_following/cmake/edge_followingConfig.cmake
[28.963s] -- Up-to-date: /home/hsy/Mypro/create3_ws/install/edge_following/share/edge_following/cmake/edge_followingConfig-version.cmake
[28.963s] -- Up-to-date: /home/hsy/Mypro/create3_ws/install/edge_following/share/edge_following/package.xml
[28.967s] Invoked command in '/home/hsy/Mypro/create3_ws/build/edge_following' returned '0': CMAKE_PREFIX_PATH=${CMAKE_PREFIX_PATH}:/opt/ros/galactic /usr/bin/cmake --install /home/hsy/Mypro/create3_ws/build/edge_following
