-- The C compiler identification is GNU 9.4.0
-- The CXX compiler identification is GNU 9.4.0
-- Check for working C compiler: /usr/bin/cc
-- Check for working C compiler: /usr/bin/cc -- works
-- Detecting C compiler ABI info
-- Detecting C compiler ABI info - done
-- Detecting C compile features
-- Detecting C compile features - done
-- Check for working CXX compiler: /usr/bin/c++
-- Check for working CXX compiler: /usr/bin/c++ -- works
-- Detecting CXX compiler ABI info
-- Detecting CXX compiler ABI info - done
-- Detecting CXX compile features
-- Detecting CXX compile features - done
-- Found ament_cmake: 1.1.6 (/opt/ros/galactic/share/ament_cmake/cmake)
-- Found PythonInterp: /usr/bin/python3 (found suitable version "3.8.10", minimum required is "3") 
-- Using PYTHON_EXECUTABLE: /usr/bin/python3
-- Found rclcpp: 9.2.2 (/opt/ros/galactic/share/rclcpp/cmake)
-- Using all available rosidl_typesupport_c: rosidl_typesupport_fastrtps_c;rosidl_typesupport_introspection_c
-- Found rosidl_adapter: 2.2.3 (/opt/ros/galactic/share/rosidl_adapter/cmake)
-- Found OpenSSL: /usr/lib/x86_64-linux-gnu/libcrypto.so (found version "1.1.1f")  
-- Found FastRTPS: /opt/ros/galactic/include  
-- Using all available rosidl_typesupport_cpp: rosidl_typesupport_fastrtps_cpp;rosidl_typesupport_introspection_cpp
-- Found rmw_implementation_cmake: 3.3.1 (/opt/ros/galactic/share/rmw_implementation_cmake/cmake)
-- Found rmw_fastrtps_cpp: 5.0.2 (/opt/ros/galactic/share/rmw_fastrtps_cpp/cmake)
-- Using RMW implementation 'rmw_fastrtps_cpp' as default
-- Looking for pthread.h
-- Looking for pthread.h - found
-- Performing Test CMAKE_HAVE_LIBC_PTHREAD
-- Performing Test CMAKE_HAVE_LIBC_PTHREAD - Failed
-- Looking for pthread_create in pthreads
-- Looking for pthread_create in pthreads - not found
-- Looking for pthread_create in pthread
-- Looking for pthread_create in pthread - found
-- Found Threads: TRUE  
-- Found sensor_msgs: 2.2.4 (/opt/ros/galactic/share/sensor_msgs/cmake)
-- Found visualization_msgs: 2.2.4 (/opt/ros/galactic/share/visualization_msgs/cmake)
-- Found tf2: 0.17.5 (/opt/ros/galactic/share/tf2/cmake)
-- Found tf2_ros: 0.17.5 (/opt/ros/galactic/share/tf2_ros/cmake)
-- Found tf2_sensor_msgs: 0.17.5 (/opt/ros/galactic/share/tf2_sensor_msgs/cmake)
-- Found Eigen3: TRUE (found version "3.3.7") 
-- Found ament_lint_auto: 0.10.7 (/opt/ros/galactic/share/ament_lint_auto/cmake)
-- Added test 'copyright' to check source files copyright and LICENSE
-- Added test 'cppcheck' to perform static code analysis on C / C++ code
-- Configured cppcheck include dirs: $<BUILD_INTERFACE:/home/hsy/Mypro/create3_ws/src/edge_following/include>
-- Configured cppcheck exclude dirs and/or files: 
-- Added test 'cpplint' to check C / C++ code against the Google style
-- Configured cpplint exclude dirs and/or files: 
-- Added test 'lint_cmake' to check CMake code style
-- Added test 'uncrustify' to check C / C++ code style
-- Configured uncrustify additional arguments: 
-- Added test 'xmllint' to check XML markup files
-- Configuring done
-- Generating done
-- Build files have been written to: /home/hsy/Mypro/create3_ws/build/edge_following
[35m[1mScanning dependencies of target edge_following_node[0m
[ 50%] [32mBuilding CXX object CMakeFiles/edge_following_node.dir/src/edge_following_node.cpp.o[0m
[01m[K/home/hsy/Mypro/create3_ws/src/edge_following/src/edge_following_node.cpp:[m[K In member function ‘[01m[Kvoid EdgeFollower::handle_rotating_left(sensor_msgs::msg::LaserScan_<std::allocator<void> >::SharedPtr)[m[K’:
[01m[K/home/hsy/Mypro/create3_ws/src/edge_following/src/edge_following_node.cpp:131:76:[m[K [01;35m[Kwarning: [m[Kunused parameter ‘[01m[Kmsg[m[K’ [[01;35m[K-Wunused-parameter[m[K]
  131 |     void handle_rotating_left([01;35m[Kconst sensor_msgs::msg::LaserScan::SharedPtr msg[m[K) {
      |                               [01;35m[K~~~~~~~~~~~~~~~~~~~~~~~~~~~~~~~~~~~~~~~~~~~~~^~~[m[K
[01m[K/home/hsy/Mypro/create3_ws/src/edge_following/src/edge_following_node.cpp:[m[K In member function ‘[01m[Kvoid EdgeFollower::handle_wall_following(sensor_msgs::msg::LaserScan_<std::allocator<void> >::SharedPtr)[m[K’:
[01m[K/home/hsy/Mypro/create3_ws/src/edge_following/src/edge_following_node.cpp:152:25:[m[K [01;35m[Kwarning: [m[Kcomparison of integer expressions of different signedness: ‘[01m[Kint[m[K’ and ‘[01m[Kstd::vector<float>::size_type[m[K’ {aka ‘[01m[Klong unsigned int[m[K’} [[01;35m[K-Wsign-compare[m[K]
  152 |         if ([01;35m[Kright_index >= msg->ranges.size()[m[K) {
      |             [01;35m[K~~~~~~~~~~~~^~~~~~~~~~~~~~~~~~~~~[m[K
[100%] [32m[1mLinking CXX executable edge_following_node[0m
/usr/bin/ld: CMakeFiles/edge_following_node.dir/src/edge_following_node.cpp.o: in function `geometry_msgs::msg::PointStamped_<std::allocator<void> >& tf2_ros::BufferInterface::transform<geometry_msgs::msg::PointStamped_<std::allocator<void> > >(geometry_msgs::msg::PointStamped_<std::allocator<void> > const&, geometry_msgs::msg::PointStamped_<std::allocator<void> >&, std::__cxx11::basic_string<char, std::char_traits<char>, std::allocator<char> > const&, std::chrono::duration<long, std::ratio<1l, 1000000000l> >) const':
edge_following_node.cpp:(.text._ZNK7tf2_ros15BufferInterface9transformIN13geometry_msgs3msg13PointStamped_ISaIvEEEEERT_RKS7_S8_RKNSt7__cxx1112basic_stringIcSt11char_traitsIcESaIcEEENSt6chrono8durationIlSt5ratioILl1ELl1000000000EEEE[_ZNK7tf2_ros15BufferInterface9transformIN13geometry_msgs3msg13PointStamped_ISaIvEEEEERT_RKS7_S8_RKNSt7__cxx1112basic_stringIcSt11char_traitsIcESaIcEEENSt6chrono8durationIlSt5ratioILl1ELl1000000000EEEE]+0x5a): undefined reference to `std::chrono::time_point<std::chrono::_V2::system_clock, std::chrono::duration<long, std::ratio<1l, 1000000000l> > > tf2::getTimestamp<geometry_msgs::msg::PointStamped_<std::allocator<void> > >(geometry_msgs::msg::PointStamped_<std::allocator<void> > const&)'
/usr/bin/ld: edge_following_node.cpp:(.text._ZNK7tf2_ros15BufferInterface9transformIN13geometry_msgs3msg13PointStamped_ISaIvEEEEERT_RKS7_S8_RKNSt7__cxx1112basic_stringIcSt11char_traitsIcESaIcEEENSt6chrono8durationIlSt5ratioILl1ELl1000000000EEEE[_ZNK7tf2_ros15BufferInterface9transformIN13geometry_msgs3msg13PointStamped_ISaIvEEEEERT_RKS7_S8_RKNSt7__cxx1112basic_stringIcSt11char_traitsIcESaIcEEENSt6chrono8durationIlSt5ratioILl1ELl1000000000EEEE]+0x7a): undefined reference to `std::__cxx11::basic_string<char, std::char_traits<char>, std::allocator<char> > tf2::getFrameId<geometry_msgs::msg::PointStamped_<std::allocator<void> > >(geometry_msgs::msg::PointStamped_<std::allocator<void> > const&)'
/usr/bin/ld: edge_following_node.cpp:(.text._ZNK7tf2_ros15BufferInterface9transformIN13geometry_msgs3msg13PointStamped_ISaIvEEEEERT_RKS7_S8_RKNSt7__cxx1112basic_stringIcSt11char_traitsIcESaIcEEENSt6chrono8durationIlSt5ratioILl1ELl1000000000EEEE[_ZNK7tf2_ros15BufferInterface9transformIN13geometry_msgs3msg13PointStamped_ISaIvEEEEERT_RKS7_S8_RKNSt7__cxx1112basic_stringIcSt11char_traitsIcESaIcEEENSt6chrono8durationIlSt5ratioILl1ELl1000000000EEEE]+0xcf): undefined reference to `void tf2::doTransform<geometry_msgs::msg::PointStamped_<std::allocator<void> > >(geometry_msgs::msg::PointStamped_<std::allocator<void> > const&, geometry_msgs::msg::PointStamped_<std::allocator<void> >&, geometry_msgs::msg::TransformStamped_<std::allocator<void> > const&)'
collect2: error: ld returned 1 exit status
make[2]: *** [CMakeFiles/edge_following_node.dir/build.make:184: edge_following_node] Error 1
make[1]: *** [CMakeFiles/Makefile2:78: CMakeFiles/edge_following_node.dir/all] Error 2
make: *** [Makefile:141: all] Error 2
