[0.039s] Invoking command in '/home/hsy/Mypro/create3_ws/build/edge_following': CMAKE_PREFIX_PATH=/opt/ros/galactic /usr/bin/cmake /home/hsy/Mypro/create3_ws/src/edge_following -DCMAKE_INSTALL_PREFIX=/home/hsy/Mypro/create3_ws/install/edge_following
[0.274s] -- The C compiler identification is GNU 9.4.0
[0.453s] -- The CXX compiler identification is GNU 9.4.0
[0.466s] -- Check for working C compiler: /usr/bin/cc
[0.686s] -- Check for working C compiler: /usr/bin/cc -- works
[0.699s] -- Detecting C compiler ABI info
[0.914s] -- Detecting C compiler ABI info - done
[0.944s] -- Detecting C compile features
[0.945s] -- Detecting C compile features - done
[0.954s] -- Check for working CXX compiler: /usr/bin/c++
[1.195s] -- Check for working CXX compiler: /usr/bin/c++ -- works
[1.199s] -- Detecting CXX compiler ABI info
[1.424s] -- Detecting CXX compiler ABI info - done
[1.448s] -- Detecting CXX compile features
[1.450s] -- Detecting CXX compile features - done
[1.457s] -- Found ament_cmake: 1.1.6 (/opt/ros/galactic/share/ament_cmake/cmake)
[1.517s] -- Found PythonInterp: /usr/bin/python3 (found suitable version "3.8.10", minimum required is "3") 
[1.517s] -- Using PYTHON_EXECUTABLE: /usr/bin/python3
[1.722s] -- Found rclcpp: 9.2.2 (/opt/ros/galactic/share/rclcpp/cmake)
[1.830s] -- Using all available rosidl_typesupport_c: rosidl_typesupport_fastrtps_c;rosidl_typesupport_introspection_c
[1.849s] -- Found rosidl_adapter: 2.2.3 (/opt/ros/galactic/share/rosidl_adapter/cmake)
[2.102s] -- Found OpenSSL: /usr/lib/x86_64-linux-gnu/libcrypto.so (found version "1.1.1f")  
[2.172s] -- Found FastRTPS: /opt/ros/galactic/include  
[2.396s] -- Using all available rosidl_typesupport_cpp: rosidl_typesupport_fastrtps_cpp;rosidl_typesupport_introspection_cpp
[2.589s] -- Found rmw_implementation_cmake: 3.3.1 (/opt/ros/galactic/share/rmw_implementation_cmake/cmake)
[2.608s] -- Found rmw_fastrtps_cpp: 5.0.2 (/opt/ros/galactic/share/rmw_fastrtps_cpp/cmake)
[2.925s] -- Using RMW implementation 'rmw_fastrtps_cpp' as default
[2.932s] -- Looking for pthread.h
[3.173s] -- Looking for pthread.h - found
[3.173s] -- Performing Test CMAKE_HAVE_LIBC_PTHREAD
[3.381s] -- Performing Test CMAKE_HAVE_LIBC_PTHREAD - Failed
[3.382s] -- Looking for pthread_create in pthreads
[3.559s] -- Looking for pthread_create in pthreads - not found
[3.560s] -- Looking for pthread_create in pthread
[3.755s] -- Looking for pthread_create in pthread - found
[3.759s] -- Found Threads: TRUE  
[4.191s] -- Found sensor_msgs: 2.2.4 (/opt/ros/galactic/share/sensor_msgs/cmake)
[4.539s] -- Found visualization_msgs: 2.2.4 (/opt/ros/galactic/share/visualization_msgs/cmake)
[4.752s] -- Found tf2: 0.17.5 (/opt/ros/galactic/share/tf2/cmake)
[4.783s] -- Found tf2_ros: 0.17.5 (/opt/ros/galactic/share/tf2_ros/cmake)
[5.760s] -- Found tf2_sensor_msgs: 0.17.5 (/opt/ros/galactic/share/tf2_sensor_msgs/cmake)
[5.817s] -- Found Eigen3: TRUE (found version "3.3.7") 
[5.852s] -- Found ament_lint_auto: 0.10.7 (/opt/ros/galactic/share/ament_lint_auto/cmake)
[6.074s] -- Added test 'copyright' to check source files copyright and LICENSE
[6.078s] -- Added test 'cppcheck' to perform static code analysis on C / C++ code
[6.078s] -- Configured cppcheck include dirs: $<BUILD_INTERFACE:/home/hsy/Mypro/create3_ws/src/edge_following/include>
[6.078s] -- Configured cppcheck exclude dirs and/or files: 
[6.081s] -- Added test 'cpplint' to check C / C++ code against the Google style
[6.082s] -- Configured cpplint exclude dirs and/or files: 
[6.087s] -- Added test 'lint_cmake' to check CMake code style
[6.089s] -- Added test 'uncrustify' to check C / C++ code style
[6.089s] -- Configured uncrustify additional arguments: 
[6.091s] -- Added test 'xmllint' to check XML markup files
[6.101s] -- Configuring done
[6.174s] -- Generating done
[6.193s] -- Build files have been written to: /home/hsy/Mypro/create3_ws/build/edge_following
[6.219s] Invoked command in '/home/hsy/Mypro/create3_ws/build/edge_following' returned '0': CMAKE_PREFIX_PATH=/opt/ros/galactic /usr/bin/cmake /home/hsy/Mypro/create3_ws/src/edge_following -DCMAKE_INSTALL_PREFIX=/home/hsy/Mypro/create3_ws/install/edge_following
[6.230s] Invoking command in '/home/hsy/Mypro/create3_ws/build/edge_following': CMAKE_PREFIX_PATH=/opt/ros/galactic /usr/bin/cmake --build /home/hsy/Mypro/create3_ws/build/edge_following -- -j8 -l8
[6.348s] [35m[1mScanning dependencies of target edge_following_node[0m
[6.598s] [ 50%] [32mBuilding CXX object CMakeFiles/edge_following_node.dir/src/edge_following_node.cpp.o[0m
[16.772s] [01m[K/home/hsy/Mypro/create3_ws/src/edge_following/src/edge_following_node.cpp:[m[K In member function ‘[01m[Kvoid EdgeFollower::handle_rotating_left(sensor_msgs::msg::LaserScan_<std::allocator<void> >::SharedPtr)[m[K’:
[16.772s] [01m[K/home/hsy/Mypro/create3_ws/src/edge_following/src/edge_following_node.cpp:131:76:[m[K [01;35m[Kwarning: [m[Kunused parameter ‘[01m[Kmsg[m[K’ [[01;35m[K-Wunused-parameter[m[K]
[16.772s]   131 |     void handle_rotating_left([01;35m[Kconst sensor_msgs::msg::LaserScan::SharedPtr msg[m[K) {
[16.772s]       |                               [01;35m[K~~~~~~~~~~~~~~~~~~~~~~~~~~~~~~~~~~~~~~~~~~~~~^~~[m[K
[16.772s] [01m[K/home/hsy/Mypro/create3_ws/src/edge_following/src/edge_following_node.cpp:[m[K In member function ‘[01m[Kvoid EdgeFollower::handle_wall_following(sensor_msgs::msg::LaserScan_<std::allocator<void> >::SharedPtr)[m[K’:
[16.772s] [01m[K/home/hsy/Mypro/create3_ws/src/edge_following/src/edge_following_node.cpp:152:25:[m[K [01;35m[Kwarning: [m[Kcomparison of integer expressions of different signedness: ‘[01m[Kint[m[K’ and ‘[01m[Kstd::vector<float>::size_type[m[K’ {aka ‘[01m[Klong unsigned int[m[K’} [[01;35m[K-Wsign-compare[m[K]
[16.773s]   152 |         if ([01;35m[Kright_index >= msg->ranges.size()[m[K) {
[16.773s]       |             [01;35m[K~~~~~~~~~~~~^~~~~~~~~~~~~~~~~~~~~[m[K
[37.812s] [100%] [32m[1mLinking CXX executable edge_following_node[0m
[39.082s] /usr/bin/ld: CMakeFiles/edge_following_node.dir/src/edge_following_node.cpp.o: in function `geometry_msgs::msg::PointStamped_<std::allocator<void> >& tf2_ros::BufferInterface::transform<geometry_msgs::msg::PointStamped_<std::allocator<void> > >(geometry_msgs::msg::PointStamped_<std::allocator<void> > const&, geometry_msgs::msg::PointStamped_<std::allocator<void> >&, std::__cxx11::basic_string<char, std::char_traits<char>, std::allocator<char> > const&, std::chrono::duration<long, std::ratio<1l, 1000000000l> >) const':
[39.082s] edge_following_node.cpp:(.text._ZNK7tf2_ros15BufferInterface9transformIN13geometry_msgs3msg13PointStamped_ISaIvEEEEERT_RKS7_S8_RKNSt7__cxx1112basic_stringIcSt11char_traitsIcESaIcEEENSt6chrono8durationIlSt5ratioILl1ELl1000000000EEEE[_ZNK7tf2_ros15BufferInterface9transformIN13geometry_msgs3msg13PointStamped_ISaIvEEEEERT_RKS7_S8_RKNSt7__cxx1112basic_stringIcSt11char_traitsIcESaIcEEENSt6chrono8durationIlSt5ratioILl1ELl1000000000EEEE]+0x5a): undefined reference to `std::chrono::time_point<std::chrono::_V2::system_clock, std::chrono::duration<long, std::ratio<1l, 1000000000l> > > tf2::getTimestamp<geometry_msgs::msg::PointStamped_<std::allocator<void> > >(geometry_msgs::msg::PointStamped_<std::allocator<void> > const&)'
[39.083s] /usr/bin/ld: edge_following_node.cpp:(.text._ZNK7tf2_ros15BufferInterface9transformIN13geometry_msgs3msg13PointStamped_ISaIvEEEEERT_RKS7_S8_RKNSt7__cxx1112basic_stringIcSt11char_traitsIcESaIcEEENSt6chrono8durationIlSt5ratioILl1ELl1000000000EEEE[_ZNK7tf2_ros15BufferInterface9transformIN13geometry_msgs3msg13PointStamped_ISaIvEEEEERT_RKS7_S8_RKNSt7__cxx1112basic_stringIcSt11char_traitsIcESaIcEEENSt6chrono8durationIlSt5ratioILl1ELl1000000000EEEE]+0x7a): undefined reference to `std::__cxx11::basic_string<char, std::char_traits<char>, std::allocator<char> > tf2::getFrameId<geometry_msgs::msg::PointStamped_<std::allocator<void> > >(geometry_msgs::msg::PointStamped_<std::allocator<void> > const&)'
[39.083s] /usr/bin/ld: edge_following_node.cpp:(.text._ZNK7tf2_ros15BufferInterface9transformIN13geometry_msgs3msg13PointStamped_ISaIvEEEEERT_RKS7_S8_RKNSt7__cxx1112basic_stringIcSt11char_traitsIcESaIcEEENSt6chrono8durationIlSt5ratioILl1ELl1000000000EEEE[_ZNK7tf2_ros15BufferInterface9transformIN13geometry_msgs3msg13PointStamped_ISaIvEEEEERT_RKS7_S8_RKNSt7__cxx1112basic_stringIcSt11char_traitsIcESaIcEEENSt6chrono8durationIlSt5ratioILl1ELl1000000000EEEE]+0xcf): undefined reference to `void tf2::doTransform<geometry_msgs::msg::PointStamped_<std::allocator<void> > >(geometry_msgs::msg::PointStamped_<std::allocator<void> > const&, geometry_msgs::msg::PointStamped_<std::allocator<void> >&, geometry_msgs::msg::TransformStamped_<std::allocator<void> > const&)'
[39.083s] collect2: error: ld returned 1 exit status
[39.088s] make[2]: *** [CMakeFiles/edge_following_node.dir/build.make:184: edge_following_node] Error 1
[39.089s] make[1]: *** [CMakeFiles/Makefile2:78: CMakeFiles/edge_following_node.dir/all] Error 2
[39.089s] make: *** [Makefile:141: all] Error 2
[39.097s] Invoked command in '/home/hsy/Mypro/create3_ws/build/edge_following' returned '2': CMAKE_PREFIX_PATH=/opt/ros/galactic /usr/bin/cmake --build /home/hsy/Mypro/create3_ws/build/edge_following -- -j8 -l8
