[0.618s] DEBUG:colcon:Command line arguments: ['/usr/bin/colcon', 'build', '--packages-select', 'edge_following']
[0.619s] DEBUG:colcon:Parsed command line arguments: Namespace(allow_overriding=[], ament_cmake_args=None, base_paths=['.'], build_base='build', catkin_cmake_args=None, catkin_skip_building_tests=False, cmake_args=None, cmake_clean_cache=False, cmake_clean_first=False, cmake_force_configure=False, cmake_target=None, cmake_target_skip_unavailable=False, continue_on_error=False, event_handlers=None, executor='parallel', ignore_user_meta=False, install_base='install', log_base=None, log_level=None, main=<bound method BuildVerb.main of <colcon_core.verb.build.BuildVerb object at 0x7f9a42089460>>, merge_install=False, metas=['./colcon.meta'], packages_above=None, packages_above_and_dependencies=None, packages_above_depth=None, packages_end=None, packages_ignore=None, packages_ignore_regex=None, packages_select=['edge_following'], packages_select_build_failed=False, packages_select_by_dep=None, packages_select_regex=None, packages_select_test_failures=False, packages_skip=None, packages_skip_build_finished=False, packages_skip_by_dep=None, packages_skip_regex=None, packages_skip_test_passed=False, packages_skip_up_to=None, packages_start=None, packages_up_to=None, packages_up_to_regex=None, parallel_workers=8, paths=None, symlink_install=False, test_result_base=None, verb_extension=<colcon_core.verb.build.BuildVerb object at 0x7f9a42089460>, verb_name='build', verb_parser=<colcon_defaults.argument_parser.defaults.DefaultArgumentsDecorator object at 0x7f9a41ffda00>)
[1.073s] Level 1:colcon.colcon_core.package_discovery:discover_packages(colcon_meta) check parameters
[1.074s] Level 1:colcon.colcon_core.package_discovery:discover_packages(recursive) check parameters
[1.074s] Level 1:colcon.colcon_core.package_discovery:discover_packages(ignore) check parameters
[1.074s] Level 1:colcon.colcon_core.package_discovery:discover_packages(path) check parameters
[1.074s] Level 1:colcon.colcon_core.package_discovery:discover_packages(colcon_meta) discover
[1.075s] Level 1:colcon.colcon_core.package_discovery:discover_packages(recursive) discover
[1.075s] INFO:colcon.colcon_core.package_discovery:Crawling recursively for packages in '/home/hsy/Mypro/create3_ws'
[1.075s] Level 1:colcon.colcon_core.package_identification:_identify(.) by extensions ['ignore', 'ignore_ament_install']
[1.076s] Level 1:colcon.colcon_core.package_identification:_identify(.) by extension 'ignore'
[1.076s] Level 1:colcon.colcon_core.package_identification:_identify(.) by extension 'ignore_ament_install'
[1.076s] Level 1:colcon.colcon_core.package_identification:_identify(.) by extensions ['colcon_pkg']
[1.076s] Level 1:colcon.colcon_core.package_identification:_identify(.) by extension 'colcon_pkg'
[1.077s] Level 1:colcon.colcon_core.package_identification:_identify(.) by extensions ['colcon_meta']
[1.077s] Level 1:colcon.colcon_core.package_identification:_identify(.) by extension 'colcon_meta'
[1.077s] Level 1:colcon.colcon_core.package_identification:_identify(.) by extensions ['ros']
[1.077s] Level 1:colcon.colcon_core.package_identification:_identify(.) by extension 'ros'
[1.116s] Level 1:colcon.colcon_core.package_identification:_identify(.) by extensions ['cmake', 'python']
[1.116s] Level 1:colcon.colcon_core.package_identification:_identify(.) by extension 'cmake'
[1.117s] Level 1:colcon.colcon_core.package_identification:_identify(.) by extension 'python'
[1.117s] Level 1:colcon.colcon_core.package_identification:_identify(.) by extensions ['python_setup_py']
[1.117s] Level 1:colcon.colcon_core.package_identification:_identify(.) by extension 'python_setup_py'
[1.118s] Level 1:colcon.colcon_core.package_identification:_identify(build) by extensions ['ignore', 'ignore_ament_install']
[1.118s] Level 1:colcon.colcon_core.package_identification:_identify(build) by extension 'ignore'
[1.118s] Level 1:colcon.colcon_core.package_identification:_identify(build) ignored
[1.119s] Level 1:colcon.colcon_core.package_identification:_identify(install) by extensions ['ignore', 'ignore_ament_install']
[1.119s] Level 1:colcon.colcon_core.package_identification:_identify(install) by extension 'ignore'
[1.120s] Level 1:colcon.colcon_core.package_identification:_identify(install) ignored
[1.121s] Level 1:colcon.colcon_core.package_identification:_identify(log) by extensions ['ignore', 'ignore_ament_install']
[1.121s] Level 1:colcon.colcon_core.package_identification:_identify(log) by extension 'ignore'
[1.121s] Level 1:colcon.colcon_core.package_identification:_identify(log) ignored
[1.122s] Level 1:colcon.colcon_core.package_identification:_identify(src) by extensions ['ignore', 'ignore_ament_install']
[1.122s] Level 1:colcon.colcon_core.package_identification:_identify(src) by extension 'ignore'
[1.123s] Level 1:colcon.colcon_core.package_identification:_identify(src) by extension 'ignore_ament_install'
[1.123s] Level 1:colcon.colcon_core.package_identification:_identify(src) by extensions ['colcon_pkg']
[1.123s] Level 1:colcon.colcon_core.package_identification:_identify(src) by extension 'colcon_pkg'
[1.123s] Level 1:colcon.colcon_core.package_identification:_identify(src) by extensions ['colcon_meta']
[1.123s] Level 1:colcon.colcon_core.package_identification:_identify(src) by extension 'colcon_meta'
[1.123s] Level 1:colcon.colcon_core.package_identification:_identify(src) by extensions ['ros']
[1.123s] Level 1:colcon.colcon_core.package_identification:_identify(src) by extension 'ros'
[1.124s] Level 1:colcon.colcon_core.package_identification:_identify(src) by extensions ['cmake', 'python']
[1.124s] Level 1:colcon.colcon_core.package_identification:_identify(src) by extension 'cmake'
[1.124s] Level 1:colcon.colcon_core.package_identification:_identify(src) by extension 'python'
[1.124s] Level 1:colcon.colcon_core.package_identification:_identify(src) by extensions ['python_setup_py']
[1.124s] Level 1:colcon.colcon_core.package_identification:_identify(src) by extension 'python_setup_py'
[1.124s] Level 1:colcon.colcon_core.package_identification:_identify(src/edge_following) by extensions ['ignore', 'ignore_ament_install']
[1.125s] Level 1:colcon.colcon_core.package_identification:_identify(src/edge_following) by extension 'ignore'
[1.125s] Level 1:colcon.colcon_core.package_identification:_identify(src/edge_following) by extension 'ignore_ament_install'
[1.125s] Level 1:colcon.colcon_core.package_identification:_identify(src/edge_following) by extensions ['colcon_pkg']
[1.125s] Level 1:colcon.colcon_core.package_identification:_identify(src/edge_following) by extension 'colcon_pkg'
[1.125s] Level 1:colcon.colcon_core.package_identification:_identify(src/edge_following) by extensions ['colcon_meta']
[1.125s] Level 1:colcon.colcon_core.package_identification:_identify(src/edge_following) by extension 'colcon_meta'
[1.126s] Level 1:colcon.colcon_core.package_identification:_identify(src/edge_following) by extensions ['ros']
[1.126s] Level 1:colcon.colcon_core.package_identification:_identify(src/edge_following) by extension 'ros'
[1.135s] DEBUG:colcon.colcon_core.package_identification:Package 'src/edge_following' with type 'ros.ament_cmake' and name 'edge_following'
[1.136s] Level 1:colcon.colcon_core.package_identification:_identify(src/line_laser) by extensions ['ignore', 'ignore_ament_install']
[1.137s] Level 1:colcon.colcon_core.package_identification:_identify(src/line_laser) by extension 'ignore'
[1.138s] Level 1:colcon.colcon_core.package_identification:_identify(src/line_laser) by extension 'ignore_ament_install'
[1.138s] Level 1:colcon.colcon_core.package_identification:_identify(src/line_laser) by extensions ['colcon_pkg']
[1.138s] Level 1:colcon.colcon_core.package_identification:_identify(src/line_laser) by extension 'colcon_pkg'
[1.138s] Level 1:colcon.colcon_core.package_identification:_identify(src/line_laser) by extensions ['colcon_meta']
[1.138s] Level 1:colcon.colcon_core.package_identification:_identify(src/line_laser) by extension 'colcon_meta'
[1.138s] Level 1:colcon.colcon_core.package_identification:_identify(src/line_laser) by extensions ['ros']
[1.139s] Level 1:colcon.colcon_core.package_identification:_identify(src/line_laser) by extension 'ros'
[1.141s] DEBUG:colcon.colcon_core.package_identification:Package 'src/line_laser' with type 'ros.ament_cmake' and name 'line_laser'
[1.141s] Level 1:colcon.colcon_core.package_discovery:discover_packages(recursive) using defaults
[1.142s] Level 1:colcon.colcon_core.package_discovery:discover_packages(ignore) discover
[1.142s] Level 1:colcon.colcon_core.package_discovery:discover_packages(ignore) using defaults
[1.142s] Level 1:colcon.colcon_core.package_discovery:discover_packages(path) discover
[1.143s] Level 1:colcon.colcon_core.package_discovery:discover_packages(path) using defaults
[1.198s] INFO:colcon.colcon_core.package_selection:Skipping not selected package 'line_laser' in 'src/line_laser'
[1.199s] Level 1:colcon.colcon_core.package_discovery:discover_packages(prefix_path) check parameters
[1.200s] Level 1:colcon.colcon_core.package_discovery:discover_packages(prefix_path) discover
[1.208s] DEBUG:colcon.colcon_installed_package_information.package_discovery:Found 1 installed packages in /home/hsy/Mypro/create3_ws/install
[1.212s] DEBUG:colcon.colcon_installed_package_information.package_discovery:Found 268 installed packages in /opt/ros/galactic
[1.220s] Level 1:colcon.colcon_core.package_discovery:discover_packages(prefix_path) using defaults
[1.496s] Level 5:colcon.colcon_core.verb:set package 'edge_following' build argument 'cmake_args' from command line to 'None'
[1.496s] Level 5:colcon.colcon_core.verb:set package 'edge_following' build argument 'cmake_target' from command line to 'None'
[1.496s] Level 5:colcon.colcon_core.verb:set package 'edge_following' build argument 'cmake_target_skip_unavailable' from command line to 'False'
[1.496s] Level 5:colcon.colcon_core.verb:set package 'edge_following' build argument 'cmake_clean_cache' from command line to 'False'
[1.496s] Level 5:colcon.colcon_core.verb:set package 'edge_following' build argument 'cmake_clean_first' from command line to 'False'
[1.497s] Level 5:colcon.colcon_core.verb:set package 'edge_following' build argument 'cmake_force_configure' from command line to 'False'
[1.497s] Level 5:colcon.colcon_core.verb:set package 'edge_following' build argument 'ament_cmake_args' from command line to 'None'
[1.497s] Level 5:colcon.colcon_core.verb:set package 'edge_following' build argument 'catkin_cmake_args' from command line to 'None'
[1.497s] Level 5:colcon.colcon_core.verb:set package 'edge_following' build argument 'catkin_skip_building_tests' from command line to 'False'
[1.497s] DEBUG:colcon.colcon_core.verb:Building package 'edge_following' with the following arguments: {'ament_cmake_args': None, 'build_base': '/home/hsy/Mypro/create3_ws/build/edge_following', 'catkin_cmake_args': None, 'catkin_skip_building_tests': False, 'cmake_args': None, 'cmake_clean_cache': False, 'cmake_clean_first': False, 'cmake_force_configure': False, 'cmake_target': None, 'cmake_target_skip_unavailable': False, 'install_base': '/home/hsy/Mypro/create3_ws/install/edge_following', 'merge_install': False, 'path': '/home/hsy/Mypro/create3_ws/src/edge_following', 'symlink_install': False, 'test_result_base': None}
[1.497s] INFO:colcon.colcon_core.executor:Executing jobs using 'parallel' executor
[1.501s] DEBUG:colcon.colcon_parallel_executor.executor.parallel:run_until_complete
[1.502s] INFO:colcon.colcon_ros.task.ament_cmake.build:Building ROS package in '/home/hsy/Mypro/create3_ws/src/edge_following' with build type 'ament_cmake'
[1.503s] INFO:colcon.colcon_cmake.task.cmake.build:Building CMake package in '/home/hsy/Mypro/create3_ws/src/edge_following'
[1.508s] INFO:colcon.colcon_core.plugin_system:Skipping extension 'colcon_core.shell.bat': Not used on non-Windows systems
[1.509s] INFO:colcon.colcon_core.shell:Skip shell extension 'powershell' for command environment: Not usable outside of PowerShell
[1.509s] DEBUG:colcon.colcon_core.shell:Skip shell extension 'dsv' for command environment
[1.545s] DEBUG:colcon.colcon_core.event_handler.log_command:Invoking command in '/home/hsy/Mypro/create3_ws/build/edge_following': CMAKE_PREFIX_PATH=${CMAKE_PREFIX_PATH}:/opt/ros/galactic /usr/bin/cmake --build /home/hsy/Mypro/create3_ws/build/edge_following -- -j8 -l8
[30.070s] DEBUG:colcon.colcon_core.event_handler.log_command:Invoked command in '/home/hsy/Mypro/create3_ws/build/edge_following' returned '0': CMAKE_PREFIX_PATH=${CMAKE_PREFIX_PATH}:/opt/ros/galactic /usr/bin/cmake --build /home/hsy/Mypro/create3_ws/build/edge_following -- -j8 -l8
[30.118s] DEBUG:colcon.colcon_core.event_handler.log_command:Invoking command in '/home/hsy/Mypro/create3_ws/build/edge_following': CMAKE_PREFIX_PATH=${CMAKE_PREFIX_PATH}:/opt/ros/galactic /usr/bin/cmake --install /home/hsy/Mypro/create3_ws/build/edge_following
[30.209s] Level 1:colcon.colcon_core.environment:create_environment_scripts_only(edge_following)
[30.214s] DEBUG:colcon.colcon_core.event_handler.log_command:Invoked command in '/home/hsy/Mypro/create3_ws/build/edge_following' returned '0': CMAKE_PREFIX_PATH=${CMAKE_PREFIX_PATH}:/opt/ros/galactic /usr/bin/cmake --install /home/hsy/Mypro/create3_ws/build/edge_following
[30.227s] Level 1:colcon.colcon_core.environment:checking '/home/hsy/Mypro/create3_ws/install/edge_following' for CMake module files
[30.228s] Level 1:colcon.colcon_core.environment:checking '/home/hsy/Mypro/create3_ws/install/edge_following' for CMake config files
[30.229s] Level 1:colcon.colcon_core.shell:create_environment_hook('edge_following', 'cmake_prefix_path')
[30.230s] INFO:colcon.colcon_core.shell:Creating environment hook '/home/hsy/Mypro/create3_ws/install/edge_following/share/edge_following/hook/cmake_prefix_path.ps1'
[30.232s] INFO:colcon.colcon_core.shell:Creating environment descriptor '/home/hsy/Mypro/create3_ws/install/edge_following/share/edge_following/hook/cmake_prefix_path.dsv'
[30.234s] INFO:colcon.colcon_core.shell:Creating environment hook '/home/hsy/Mypro/create3_ws/install/edge_following/share/edge_following/hook/cmake_prefix_path.sh'
[30.238s] Level 1:colcon.colcon_core.environment:checking '/home/hsy/Mypro/create3_ws/install/edge_following/lib'
[30.241s] Level 1:colcon.colcon_core.environment:checking '/home/hsy/Mypro/create3_ws/install/edge_following/bin'
[30.242s] Level 1:colcon.colcon_core.environment:checking '/home/hsy/Mypro/create3_ws/install/edge_following/lib/pkgconfig/edge_following.pc'
[30.243s] Level 1:colcon.colcon_core.environment:checking '/home/hsy/Mypro/create3_ws/install/edge_following/lib/python3.8/site-packages'
[30.244s] Level 1:colcon.colcon_core.environment:checking '/home/hsy/Mypro/create3_ws/install/edge_following/bin'
[30.245s] INFO:colcon.colcon_core.shell:Creating package script '/home/hsy/Mypro/create3_ws/install/edge_following/share/edge_following/package.ps1'
[30.247s] INFO:colcon.colcon_core.shell:Creating package descriptor '/home/hsy/Mypro/create3_ws/install/edge_following/share/edge_following/package.dsv'
[30.249s] INFO:colcon.colcon_core.shell:Creating package script '/home/hsy/Mypro/create3_ws/install/edge_following/share/edge_following/package.sh'
[30.253s] INFO:colcon.colcon_core.shell:Creating package script '/home/hsy/Mypro/create3_ws/install/edge_following/share/edge_following/package.bash'
[30.256s] INFO:colcon.colcon_core.shell:Creating package script '/home/hsy/Mypro/create3_ws/install/edge_following/share/edge_following/package.zsh'
[30.258s] Level 1:colcon.colcon_core.environment:create_file_with_runtime_dependencies(/home/hsy/Mypro/create3_ws/install/edge_following/share/colcon-core/packages/edge_following)
[30.262s] Level 1:colcon.colcon_core.environment:create_environment_scripts_only(edge_following)
[30.263s] Level 1:colcon.colcon_core.environment:checking '/home/hsy/Mypro/create3_ws/install/edge_following' for CMake module files
[30.264s] Level 1:colcon.colcon_core.environment:checking '/home/hsy/Mypro/create3_ws/install/edge_following' for CMake config files
[30.265s] Level 1:colcon.colcon_core.shell:create_environment_hook('edge_following', 'cmake_prefix_path')
[30.265s] INFO:colcon.colcon_core.shell:Creating environment hook '/home/hsy/Mypro/create3_ws/install/edge_following/share/edge_following/hook/cmake_prefix_path.ps1'
[30.268s] INFO:colcon.colcon_core.shell:Creating environment descriptor '/home/hsy/Mypro/create3_ws/install/edge_following/share/edge_following/hook/cmake_prefix_path.dsv'
[30.269s] INFO:colcon.colcon_core.shell:Creating environment hook '/home/hsy/Mypro/create3_ws/install/edge_following/share/edge_following/hook/cmake_prefix_path.sh'
[30.272s] Level 1:colcon.colcon_core.environment:checking '/home/hsy/Mypro/create3_ws/install/edge_following/lib'
[30.272s] Level 1:colcon.colcon_core.environment:checking '/home/hsy/Mypro/create3_ws/install/edge_following/bin'
[30.273s] Level 1:colcon.colcon_core.environment:checking '/home/hsy/Mypro/create3_ws/install/edge_following/lib/pkgconfig/edge_following.pc'
[30.273s] Level 1:colcon.colcon_core.environment:checking '/home/hsy/Mypro/create3_ws/install/edge_following/lib/python3.8/site-packages'
[30.274s] Level 1:colcon.colcon_core.environment:checking '/home/hsy/Mypro/create3_ws/install/edge_following/bin'
[30.276s] INFO:colcon.colcon_core.shell:Creating package script '/home/hsy/Mypro/create3_ws/install/edge_following/share/edge_following/package.ps1'
[30.279s] INFO:colcon.colcon_core.shell:Creating package descriptor '/home/hsy/Mypro/create3_ws/install/edge_following/share/edge_following/package.dsv'
[30.280s] INFO:colcon.colcon_core.shell:Creating package script '/home/hsy/Mypro/create3_ws/install/edge_following/share/edge_following/package.sh'
[30.282s] INFO:colcon.colcon_core.shell:Creating package script '/home/hsy/Mypro/create3_ws/install/edge_following/share/edge_following/package.bash'
[30.283s] INFO:colcon.colcon_core.shell:Creating package script '/home/hsy/Mypro/create3_ws/install/edge_following/share/edge_following/package.zsh'
[30.285s] Level 1:colcon.colcon_core.environment:create_file_with_runtime_dependencies(/home/hsy/Mypro/create3_ws/install/edge_following/share/colcon-core/packages/edge_following)
[30.285s] DEBUG:colcon.colcon_parallel_executor.executor.parallel:closing loop
[30.287s] DEBUG:colcon.colcon_parallel_executor.executor.parallel:loop closed
[30.288s] DEBUG:colcon.colcon_parallel_executor.executor.parallel:run_until_complete finished with '0'
[30.288s] DEBUG:colcon.colcon_core.event_reactor:joining thread
[30.305s] INFO:colcon.colcon_core.plugin_system:Skipping extension 'colcon_notification.desktop_notification.terminal_notifier': Not used on non-Darwin systems
[30.305s] INFO:colcon.colcon_core.plugin_system:Skipping extension 'colcon_notification.desktop_notification.win32': Not used on non-Windows systems
[30.306s] INFO:colcon.colcon_notification.desktop_notification:Sending desktop notification using 'notify2'
[30.355s] DEBUG:colcon.colcon_core.event_reactor:joined thread
[30.356s] INFO:colcon.colcon_core.shell:Creating prefix script '/home/hsy/Mypro/create3_ws/install/local_setup.ps1'
[30.360s] INFO:colcon.colcon_core.shell:Creating prefix util module '/home/hsy/Mypro/create3_ws/install/_local_setup_util_ps1.py'
[30.363s] INFO:colcon.colcon_core.shell:Creating prefix chain script '/home/hsy/Mypro/create3_ws/install/setup.ps1'
[30.368s] INFO:colcon.colcon_core.shell:Creating prefix script '/home/hsy/Mypro/create3_ws/install/local_setup.sh'
[30.370s] INFO:colcon.colcon_core.shell:Creating prefix util module '/home/hsy/Mypro/create3_ws/install/_local_setup_util_sh.py'
[30.374s] INFO:colcon.colcon_core.shell:Creating prefix chain script '/home/hsy/Mypro/create3_ws/install/setup.sh'
[30.378s] INFO:colcon.colcon_core.shell:Creating prefix script '/home/hsy/Mypro/create3_ws/install/local_setup.bash'
[30.380s] INFO:colcon.colcon_core.shell:Creating prefix chain script '/home/hsy/Mypro/create3_ws/install/setup.bash'
[30.383s] INFO:colcon.colcon_core.shell:Creating prefix script '/home/hsy/Mypro/create3_ws/install/local_setup.zsh'
[30.385s] INFO:colcon.colcon_core.shell:Creating prefix chain script '/home/hsy/Mypro/create3_ws/install/setup.zsh'
