[0.010s] Invoking command in '/home/shan2/Mypro/robot_vacuum_ws/build/vacuum_robot': CMAKE_PREFIX_PATH=${CMAKE_PREFIX_PATH}:/opt/ros/galactic /usr/bin/cmake --build /home/shan2/Mypro/robot_vacuum_ws/build/vacuum_robot -- -j16 -l16
[0.024s] [100%] Built target vacuum_robot_node
[0.026s] Invoked command in '/home/shan2/Mypro/robot_vacuum_ws/build/vacuum_robot' returned '0': CMAKE_PREFIX_PATH=${CMAKE_PREFIX_PATH}:/opt/ros/galactic /usr/bin/cmake --build /home/shan2/Mypro/robot_vacuum_ws/build/vacuum_robot -- -j16 -l16
[0.030s] Invoking command in '/home/shan2/Mypro/robot_vacuum_ws/build/vacuum_robot': CMAKE_PREFIX_PATH=${CMAKE_PREFIX_PATH}:/opt/ros/galactic /usr/bin/cmake --install /home/shan2/Mypro/robot_vacuum_ws/build/vacuum_robot
[0.032s] -- Install configuration: ""
[0.032s] -- Up-to-date: /home/shan2/Mypro/robot_vacuum_ws/install/vacuum_robot/share/vacuum_robot/urdf
[0.032s] -- Up-to-date: /home/shan2/Mypro/robot_vacuum_ws/install/vacuum_robot/share/vacuum_robot/urdf/robot.urdf.xacro
[0.032s] -- Up-to-date: /home/shan2/Mypro/robot_vacuum_ws/install/vacuum_robot/share/vacuum_robot/launch
[0.032s] -- Up-to-date: /home/shan2/Mypro/robot_vacuum_ws/install/vacuum_robot/share/vacuum_robot/launch/vacuum_robot.launch.py
[0.032s] -- Up-to-date: /home/shan2/Mypro/robot_vacuum_ws/install/vacuum_robot/share/vacuum_robot/config
[0.032s] -- Up-to-date: /home/shan2/Mypro/robot_vacuum_ws/install/vacuum_robot/share/ament_index/resource_index/package_run_dependencies/vacuum_robot
[0.032s] -- Up-to-date: /home/shan2/Mypro/robot_vacuum_ws/install/vacuum_robot/share/ament_index/resource_index/parent_prefix_path/vacuum_robot
[0.032s] -- Up-to-date: /home/shan2/Mypro/robot_vacuum_ws/install/vacuum_robot/share/vacuum_robot/environment/ament_prefix_path.sh
[0.032s] -- Up-to-date: /home/shan2/Mypro/robot_vacuum_ws/install/vacuum_robot/share/vacuum_robot/environment/ament_prefix_path.dsv
[0.032s] -- Up-to-date: /home/shan2/Mypro/robot_vacuum_ws/install/vacuum_robot/share/vacuum_robot/environment/path.sh
[0.033s] -- Up-to-date: /home/shan2/Mypro/robot_vacuum_ws/install/vacuum_robot/share/vacuum_robot/environment/path.dsv
[0.033s] -- Up-to-date: /home/shan2/Mypro/robot_vacuum_ws/install/vacuum_robot/share/vacuum_robot/local_setup.bash
[0.033s] -- Up-to-date: /home/shan2/Mypro/robot_vacuum_ws/install/vacuum_robot/share/vacuum_robot/local_setup.sh
[0.033s] -- Up-to-date: /home/shan2/Mypro/robot_vacuum_ws/install/vacuum_robot/share/vacuum_robot/local_setup.zsh
[0.034s] -- Up-to-date: /home/shan2/Mypro/robot_vacuum_ws/install/vacuum_robot/share/vacuum_robot/local_setup.dsv
[0.034s] -- Installing: /home/shan2/Mypro/robot_vacuum_ws/install/vacuum_robot/share/vacuum_robot/package.dsv
[0.034s] -- Up-to-date: /home/shan2/Mypro/robot_vacuum_ws/install/vacuum_robot/share/ament_index/resource_index/packages/vacuum_robot
[0.034s] -- Up-to-date: /home/shan2/Mypro/robot_vacuum_ws/install/vacuum_robot/share/vacuum_robot/cmake/vacuum_robotConfig.cmake
[0.034s] -- Up-to-date: /home/shan2/Mypro/robot_vacuum_ws/install/vacuum_robot/share/vacuum_robot/cmake/vacuum_robotConfig-version.cmake
[0.034s] -- Up-to-date: /home/shan2/Mypro/robot_vacuum_ws/install/vacuum_robot/share/vacuum_robot/package.xml
[0.034s] Invoked command in '/home/shan2/Mypro/robot_vacuum_ws/build/vacuum_robot' returned '0': CMAKE_PREFIX_PATH=${CMAKE_PREFIX_PATH}:/opt/ros/galactic /usr/bin/cmake --install /home/shan2/Mypro/robot_vacuum_ws/build/vacuum_robot
