[0.627s] DEBUG:colcon:Command line arguments: ['/usr/bin/colcon', 'build', '--packages-select', 'edge_following']
[0.627s] DEBUG:colcon:Parsed command line arguments: Namespace(allow_overriding=[], ament_cmake_args=None, base_paths=['.'], build_base='build', catkin_cmake_args=None, catkin_skip_building_tests=False, cmake_args=None, cmake_clean_cache=False, cmake_clean_first=False, cmake_force_configure=False, cmake_target=None, cmake_target_skip_unavailable=False, continue_on_error=False, event_handlers=None, executor='parallel', ignore_user_meta=False, install_base='install', log_base=None, log_level=None, main=<bound method BuildVerb.main of <colcon_core.verb.build.BuildVerb object at 0x7f48fd0e6460>>, merge_install=False, metas=['./colcon.meta'], packages_above=None, packages_above_and_dependencies=None, packages_above_depth=None, packages_end=None, packages_ignore=None, packages_ignore_regex=None, packages_select=['edge_following'], packages_select_build_failed=False, packages_select_by_dep=None, packages_select_regex=None, packages_select_test_failures=False, packages_skip=None, packages_skip_build_finished=False, packages_skip_by_dep=None, packages_skip_regex=None, packages_skip_test_passed=False, packages_skip_up_to=None, packages_start=None, packages_up_to=None, packages_up_to_regex=None, parallel_workers=8, paths=None, symlink_install=False, test_result_base=None, verb_extension=<colcon_core.verb.build.BuildVerb object at 0x7f48fd0e6460>, verb_name='build', verb_parser=<colcon_defaults.argument_parser.defaults.DefaultArgumentsDecorator object at 0x7f48fd05aa00>)
[1.088s] Level 1:colcon.colcon_core.package_discovery:discover_packages(colcon_meta) check parameters
[1.089s] Level 1:colcon.colcon_core.package_discovery:discover_packages(recursive) check parameters
[1.089s] Level 1:colcon.colcon_core.package_discovery:discover_packages(ignore) check parameters
[1.089s] Level 1:colcon.colcon_core.package_discovery:discover_packages(path) check parameters
[1.089s] Level 1:colcon.colcon_core.package_discovery:discover_packages(colcon_meta) discover
[1.089s] Level 1:colcon.colcon_core.package_discovery:discover_packages(recursive) discover
[1.089s] INFO:colcon.colcon_core.package_discovery:Crawling recursively for packages in '/home/hsy/Mypro/create3_ws'
[1.090s] Level 1:colcon.colcon_core.package_identification:_identify(.) by extensions ['ignore', 'ignore_ament_install']
[1.091s] Level 1:colcon.colcon_core.package_identification:_identify(.) by extension 'ignore'
[1.091s] Level 1:colcon.colcon_core.package_identification:_identify(.) by extension 'ignore_ament_install'
[1.091s] Level 1:colcon.colcon_core.package_identification:_identify(.) by extensions ['colcon_pkg']
[1.091s] Level 1:colcon.colcon_core.package_identification:_identify(.) by extension 'colcon_pkg'
[1.091s] Level 1:colcon.colcon_core.package_identification:_identify(.) by extensions ['colcon_meta']
[1.091s] Level 1:colcon.colcon_core.package_identification:_identify(.) by extension 'colcon_meta'
[1.091s] Level 1:colcon.colcon_core.package_identification:_identify(.) by extensions ['ros']
[1.091s] Level 1:colcon.colcon_core.package_identification:_identify(.) by extension 'ros'
[1.138s] Level 1:colcon.colcon_core.package_identification:_identify(.) by extensions ['cmake', 'python']
[1.139s] Level 1:colcon.colcon_core.package_identification:_identify(.) by extension 'cmake'
[1.139s] Level 1:colcon.colcon_core.package_identification:_identify(.) by extension 'python'
[1.139s] Level 1:colcon.colcon_core.package_identification:_identify(.) by extensions ['python_setup_py']
[1.139s] Level 1:colcon.colcon_core.package_identification:_identify(.) by extension 'python_setup_py'
[1.139s] Level 1:colcon.colcon_core.package_identification:_identify(build) by extensions ['ignore', 'ignore_ament_install']
[1.140s] Level 1:colcon.colcon_core.package_identification:_identify(build) by extension 'ignore'
[1.140s] Level 1:colcon.colcon_core.package_identification:_identify(build) ignored
[1.140s] Level 1:colcon.colcon_core.package_identification:_identify(install) by extensions ['ignore', 'ignore_ament_install']
[1.140s] Level 1:colcon.colcon_core.package_identification:_identify(install) by extension 'ignore'
[1.140s] Level 1:colcon.colcon_core.package_identification:_identify(install) ignored
[1.141s] Level 1:colcon.colcon_core.package_identification:_identify(log) by extensions ['ignore', 'ignore_ament_install']
[1.141s] Level 1:colcon.colcon_core.package_identification:_identify(log) by extension 'ignore'
[1.141s] Level 1:colcon.colcon_core.package_identification:_identify(log) ignored
[1.141s] Level 1:colcon.colcon_core.package_identification:_identify(src) by extensions ['ignore', 'ignore_ament_install']
[1.142s] Level 1:colcon.colcon_core.package_identification:_identify(src) by extension 'ignore'
[1.142s] Level 1:colcon.colcon_core.package_identification:_identify(src) by extension 'ignore_ament_install'
[1.143s] Level 1:colcon.colcon_core.package_identification:_identify(src) by extensions ['colcon_pkg']
[1.143s] Level 1:colcon.colcon_core.package_identification:_identify(src) by extension 'colcon_pkg'
[1.143s] Level 1:colcon.colcon_core.package_identification:_identify(src) by extensions ['colcon_meta']
[1.143s] Level 1:colcon.colcon_core.package_identification:_identify(src) by extension 'colcon_meta'
[1.143s] Level 1:colcon.colcon_core.package_identification:_identify(src) by extensions ['ros']
[1.143s] Level 1:colcon.colcon_core.package_identification:_identify(src) by extension 'ros'
[1.144s] Level 1:colcon.colcon_core.package_identification:_identify(src) by extensions ['cmake', 'python']
[1.144s] Level 1:colcon.colcon_core.package_identification:_identify(src) by extension 'cmake'
[1.144s] Level 1:colcon.colcon_core.package_identification:_identify(src) by extension 'python'
[1.144s] Level 1:colcon.colcon_core.package_identification:_identify(src) by extensions ['python_setup_py']
[1.144s] Level 1:colcon.colcon_core.package_identification:_identify(src) by extension 'python_setup_py'
[1.145s] Level 1:colcon.colcon_core.package_identification:_identify(src/edge_following) by extensions ['ignore', 'ignore_ament_install']
[1.145s] Level 1:colcon.colcon_core.package_identification:_identify(src/edge_following) by extension 'ignore'
[1.145s] Level 1:colcon.colcon_core.package_identification:_identify(src/edge_following) by extension 'ignore_ament_install'
[1.146s] Level 1:colcon.colcon_core.package_identification:_identify(src/edge_following) by extensions ['colcon_pkg']
[1.146s] Level 1:colcon.colcon_core.package_identification:_identify(src/edge_following) by extension 'colcon_pkg'
[1.146s] Level 1:colcon.colcon_core.package_identification:_identify(src/edge_following) by extensions ['colcon_meta']
[1.146s] Level 1:colcon.colcon_core.package_identification:_identify(src/edge_following) by extension 'colcon_meta'
[1.146s] Level 1:colcon.colcon_core.package_identification:_identify(src/edge_following) by extensions ['ros']
[1.146s] Level 1:colcon.colcon_core.package_identification:_identify(src/edge_following) by extension 'ros'
[1.155s] DEBUG:colcon.colcon_core.package_identification:Package 'src/edge_following' with type 'ros.ament_cmake' and name 'edge_following'
[1.155s] Level 1:colcon.colcon_core.package_identification:_identify(src/line_laser) by extensions ['ignore', 'ignore_ament_install']
[1.156s] Level 1:colcon.colcon_core.package_identification:_identify(src/line_laser) by extension 'ignore'
[1.156s] Level 1:colcon.colcon_core.package_identification:_identify(src/line_laser) by extension 'ignore_ament_install'
[1.156s] Level 1:colcon.colcon_core.package_identification:_identify(src/line_laser) by extensions ['colcon_pkg']
[1.156s] Level 1:colcon.colcon_core.package_identification:_identify(src/line_laser) by extension 'colcon_pkg'
[1.156s] Level 1:colcon.colcon_core.package_identification:_identify(src/line_laser) by extensions ['colcon_meta']
[1.156s] Level 1:colcon.colcon_core.package_identification:_identify(src/line_laser) by extension 'colcon_meta'
[1.157s] Level 1:colcon.colcon_core.package_identification:_identify(src/line_laser) by extensions ['ros']
[1.157s] Level 1:colcon.colcon_core.package_identification:_identify(src/line_laser) by extension 'ros'
[1.158s] DEBUG:colcon.colcon_core.package_identification:Package 'src/line_laser' with type 'ros.ament_cmake' and name 'line_laser'
[1.159s] Level 1:colcon.colcon_core.package_discovery:discover_packages(recursive) using defaults
[1.159s] Level 1:colcon.colcon_core.package_discovery:discover_packages(ignore) discover
[1.159s] Level 1:colcon.colcon_core.package_discovery:discover_packages(ignore) using defaults
[1.159s] Level 1:colcon.colcon_core.package_discovery:discover_packages(path) discover
[1.159s] Level 1:colcon.colcon_core.package_discovery:discover_packages(path) using defaults
[1.203s] INFO:colcon.colcon_core.package_selection:Skipping not selected package 'line_laser' in 'src/line_laser'
[1.205s] Level 1:colcon.colcon_core.package_discovery:discover_packages(prefix_path) check parameters
[1.205s] Level 1:colcon.colcon_core.package_discovery:discover_packages(prefix_path) discover
[1.209s] DEBUG:colcon.colcon_installed_package_information.package_discovery:Found 1 installed packages in /home/hsy/Mypro/create3_ws/install
[1.212s] DEBUG:colcon.colcon_installed_package_information.package_discovery:Found 268 installed packages in /opt/ros/galactic
[1.220s] Level 1:colcon.colcon_core.package_discovery:discover_packages(prefix_path) using defaults
[1.429s] Level 5:colcon.colcon_core.verb:set package 'edge_following' build argument 'cmake_args' from command line to 'None'
[1.429s] Level 5:colcon.colcon_core.verb:set package 'edge_following' build argument 'cmake_target' from command line to 'None'
[1.429s] Level 5:colcon.colcon_core.verb:set package 'edge_following' build argument 'cmake_target_skip_unavailable' from command line to 'False'
[1.429s] Level 5:colcon.colcon_core.verb:set package 'edge_following' build argument 'cmake_clean_cache' from command line to 'False'
[1.430s] Level 5:colcon.colcon_core.verb:set package 'edge_following' build argument 'cmake_clean_first' from command line to 'False'
[1.430s] Level 5:colcon.colcon_core.verb:set package 'edge_following' build argument 'cmake_force_configure' from command line to 'False'
[1.430s] Level 5:colcon.colcon_core.verb:set package 'edge_following' build argument 'ament_cmake_args' from command line to 'None'
[1.430s] Level 5:colcon.colcon_core.verb:set package 'edge_following' build argument 'catkin_cmake_args' from command line to 'None'
[1.430s] Level 5:colcon.colcon_core.verb:set package 'edge_following' build argument 'catkin_skip_building_tests' from command line to 'False'
[1.430s] DEBUG:colcon.colcon_core.verb:Building package 'edge_following' with the following arguments: {'ament_cmake_args': None, 'build_base': '/home/hsy/Mypro/create3_ws/build/edge_following', 'catkin_cmake_args': None, 'catkin_skip_building_tests': False, 'cmake_args': None, 'cmake_clean_cache': False, 'cmake_clean_first': False, 'cmake_force_configure': False, 'cmake_target': None, 'cmake_target_skip_unavailable': False, 'install_base': '/home/hsy/Mypro/create3_ws/install/edge_following', 'merge_install': False, 'path': '/home/hsy/Mypro/create3_ws/src/edge_following', 'symlink_install': False, 'test_result_base': None}
[1.430s] INFO:colcon.colcon_core.executor:Executing jobs using 'parallel' executor
[1.434s] DEBUG:colcon.colcon_parallel_executor.executor.parallel:run_until_complete
[1.435s] INFO:colcon.colcon_ros.task.ament_cmake.build:Building ROS package in '/home/hsy/Mypro/create3_ws/src/edge_following' with build type 'ament_cmake'
[1.436s] INFO:colcon.colcon_cmake.task.cmake.build:Building CMake package in '/home/hsy/Mypro/create3_ws/src/edge_following'
[1.442s] INFO:colcon.colcon_core.plugin_system:Skipping extension 'colcon_core.shell.bat': Not used on non-Windows systems
[1.442s] INFO:colcon.colcon_core.shell:Skip shell extension 'powershell' for command environment: Not usable outside of PowerShell
[1.443s] DEBUG:colcon.colcon_core.shell:Skip shell extension 'dsv' for command environment
[1.488s] DEBUG:colcon.colcon_core.event_handler.log_command:Invoking command in '/home/hsy/Mypro/create3_ws/build/edge_following': CMAKE_PREFIX_PATH=${CMAKE_PREFIX_PATH}:/opt/ros/galactic /usr/bin/cmake --build /home/hsy/Mypro/create3_ws/build/edge_following -- -j8 -l8
[16.784s] DEBUG:colcon.colcon_parallel_executor.executor.parallel:run_until_complete was interrupted
[16.785s] DEBUG:colcon.colcon_parallel_executor.executor.parallel:run_until_complete again
[16.845s] DEBUG:colcon.colcon_core.event_handler.log_command:Invoked command in '/home/hsy/Mypro/create3_ws/build/edge_following' returned '-2': CMAKE_PREFIX_PATH=${CMAKE_PREFIX_PATH}:/opt/ros/galactic /usr/bin/cmake --build /home/hsy/Mypro/create3_ws/build/edge_following -- -j8 -l8
[16.847s] Level 1:colcon.colcon_core.environment:create_environment_scripts_only(edge_following)
[16.856s] Level 1:colcon.colcon_core.environment:checking '/home/hsy/Mypro/create3_ws/install/edge_following' for CMake module files
[16.857s] Level 1:colcon.colcon_core.environment:checking '/home/hsy/Mypro/create3_ws/install/edge_following' for CMake config files
[16.858s] Level 1:colcon.colcon_core.shell:create_environment_hook('edge_following', 'cmake_prefix_path')
[16.859s] INFO:colcon.colcon_core.shell:Creating environment hook '/home/hsy/Mypro/create3_ws/install/edge_following/share/edge_following/hook/cmake_prefix_path.ps1'
[16.862s] INFO:colcon.colcon_core.shell:Creating environment descriptor '/home/hsy/Mypro/create3_ws/install/edge_following/share/edge_following/hook/cmake_prefix_path.dsv'
[16.865s] INFO:colcon.colcon_core.shell:Creating environment hook '/home/hsy/Mypro/create3_ws/install/edge_following/share/edge_following/hook/cmake_prefix_path.sh'
[16.871s] Level 1:colcon.colcon_core.environment:checking '/home/hsy/Mypro/create3_ws/install/edge_following/lib'
[16.872s] Level 1:colcon.colcon_core.environment:checking '/home/hsy/Mypro/create3_ws/install/edge_following/bin'
[16.873s] Level 1:colcon.colcon_core.environment:checking '/home/hsy/Mypro/create3_ws/install/edge_following/lib/pkgconfig/edge_following.pc'
[16.875s] Level 1:colcon.colcon_core.environment:checking '/home/hsy/Mypro/create3_ws/install/edge_following/lib/python3.8/site-packages'
[16.876s] Level 1:colcon.colcon_core.environment:checking '/home/hsy/Mypro/create3_ws/install/edge_following/bin'
[16.877s] INFO:colcon.colcon_core.shell:Creating package script '/home/hsy/Mypro/create3_ws/install/edge_following/share/edge_following/package.ps1'
[16.880s] INFO:colcon.colcon_core.shell:Creating package descriptor '/home/hsy/Mypro/create3_ws/install/edge_following/share/edge_following/package.dsv'
[16.882s] INFO:colcon.colcon_core.shell:Creating package script '/home/hsy/Mypro/create3_ws/install/edge_following/share/edge_following/package.sh'
[16.885s] INFO:colcon.colcon_core.shell:Creating package script '/home/hsy/Mypro/create3_ws/install/edge_following/share/edge_following/package.bash'
[16.888s] INFO:colcon.colcon_core.shell:Creating package script '/home/hsy/Mypro/create3_ws/install/edge_following/share/edge_following/package.zsh'
[16.890s] Level 1:colcon.colcon_core.environment:create_file_with_runtime_dependencies(/home/hsy/Mypro/create3_ws/install/edge_following/share/colcon-core/packages/edge_following)
[16.910s] DEBUG:colcon.colcon_parallel_executor.executor.parallel:run_until_complete finished
[16.910s] DEBUG:colcon.colcon_parallel_executor.executor.parallel:closing loop
[16.910s] DEBUG:colcon.colcon_parallel_executor.executor.parallel:loop closed
[16.911s] DEBUG:colcon.colcon_core.event_reactor:joining thread
[16.933s] INFO:colcon.colcon_core.plugin_system:Skipping extension 'colcon_notification.desktop_notification.terminal_notifier': Not used on non-Darwin systems
[16.933s] INFO:colcon.colcon_core.plugin_system:Skipping extension 'colcon_notification.desktop_notification.win32': Not used on non-Windows systems
[16.934s] INFO:colcon.colcon_notification.desktop_notification:Sending desktop notification using 'notify2'
[16.988s] DEBUG:colcon.colcon_core.event_reactor:joined thread
[16.989s] INFO:colcon.colcon_core.shell:Creating prefix script '/home/hsy/Mypro/create3_ws/install/local_setup.ps1'
[16.993s] INFO:colcon.colcon_core.shell:Creating prefix util module '/home/hsy/Mypro/create3_ws/install/_local_setup_util_ps1.py'
[16.997s] INFO:colcon.colcon_core.shell:Creating prefix chain script '/home/hsy/Mypro/create3_ws/install/setup.ps1'
[17.001s] INFO:colcon.colcon_core.shell:Creating prefix script '/home/hsy/Mypro/create3_ws/install/local_setup.sh'
[17.004s] INFO:colcon.colcon_core.shell:Creating prefix util module '/home/hsy/Mypro/create3_ws/install/_local_setup_util_sh.py'
[17.006s] INFO:colcon.colcon_core.shell:Creating prefix chain script '/home/hsy/Mypro/create3_ws/install/setup.sh'
[17.010s] INFO:colcon.colcon_core.shell:Creating prefix script '/home/hsy/Mypro/create3_ws/install/local_setup.bash'
[17.013s] INFO:colcon.colcon_core.shell:Creating prefix chain script '/home/hsy/Mypro/create3_ws/install/setup.bash'
[17.015s] INFO:colcon.colcon_core.shell:Creating prefix script '/home/hsy/Mypro/create3_ws/install/local_setup.zsh'
[17.017s] INFO:colcon.colcon_core.shell:Creating prefix chain script '/home/hsy/Mypro/create3_ws/install/setup.zsh'
