[35m[1mScanning dependencies of target edge_following_node[0m
[ 50%] [32mBuilding CXX object CMakeFiles/edge_following_node.dir/src/edge_following_node.cpp.o[0m
[100%] [32m[1mLinking CXX executable edge_following_node[0m
[100%] Built target edge_following_node
-- Install configuration: ""
-- Installing: /home/hsy/Mypro/create3_ws/install/edge_following/lib/edge_following/edge_following_node
-- Set runtime path of "/home/hsy/Mypro/create3_ws/install/edge_following/lib/edge_following/edge_following_node" to ""
-- Up-to-date: /home/hsy/Mypro/create3_ws/install/edge_following/share/ament_index/resource_index/package_run_dependencies/edge_following
-- Up-to-date: /home/hsy/Mypro/create3_ws/install/edge_following/share/ament_index/resource_index/parent_prefix_path/edge_following
-- Up-to-date: /home/hsy/Mypro/create3_ws/install/edge_following/share/edge_following/environment/ament_prefix_path.sh
-- Up-to-date: /home/hsy/Mypro/create3_ws/install/edge_following/share/edge_following/environment/ament_prefix_path.dsv
-- Up-to-date: /home/hsy/Mypro/create3_ws/install/edge_following/share/edge_following/environment/path.sh
-- Up-to-date: /home/hsy/Mypro/create3_ws/install/edge_following/share/edge_following/environment/path.dsv
-- Up-to-date: /home/hsy/Mypro/create3_ws/install/edge_following/share/edge_following/local_setup.bash
-- Up-to-date: /home/hsy/Mypro/create3_ws/install/edge_following/share/edge_following/local_setup.sh
-- Up-to-date: /home/hsy/Mypro/create3_ws/install/edge_following/share/edge_following/local_setup.zsh
-- Up-to-date: /home/hsy/Mypro/create3_ws/install/edge_following/share/edge_following/local_setup.dsv
-- Installing: /home/hsy/Mypro/create3_ws/install/edge_following/share/edge_following/package.dsv
-- Up-to-date: /home/hsy/Mypro/create3_ws/install/edge_following/share/ament_index/resource_index/packages/edge_following
-- Up-to-date: /home/hsy/Mypro/create3_ws/install/edge_following/share/edge_following/cmake/edge_followingConfig.cmake
-- Up-to-date: /home/hsy/Mypro/create3_ws/install/edge_following/share/edge_following/cmake/edge_followingConfig-version.cmake
-- Up-to-date: /home/hsy/Mypro/create3_ws/install/edge_following/share/edge_following/package.xml
