[0.010s] Invoking command in '/home/shan2/Mypro/robot_vacuum_ws/build/vacuum_robot': CMAKE_PREFIX_PATH=/opt/ros/galactic /usr/bin/cmake /home/shan2/Mypro/robot_vacuum_ws/src/vacuum_robot -DCMAKE_INSTALL_PREFIX=/home/shan2/Mypro/robot_vacuum_ws/install/vacuum_robot
[0.016s] -- Found ament_cmake: 1.1.6 (/opt/ros/galactic/share/ament_cmake/cmake)
[0.031s] -- Using PYTHON_EXECUTABLE: /usr/bin/python3
[0.071s] -- Found gazebo_ros: 3.5.2 (/opt/ros/galactic/share/gazebo_ros/cmake)
[0.101s] -- Using all available rosidl_typesupport_c: rosidl_typesupport_fastrtps_c;rosidl_typesupport_introspection_c
[0.103s] -- Found rosidl_adapter: 2.2.3 (/opt/ros/galactic/share/rosidl_adapter/cmake)
[0.194s] -- Using all available rosidl_typesupport_cpp: rosidl_typesupport_fastrtps_cpp;rosidl_typesupport_introspection_cpp
[0.226s] -- Found rmw_implementation_cmake: 3.3.1 (/opt/ros/galactic/share/rmw_implementation_cmake/cmake)
[0.227s] -- Found rmw_cyclonedds_cpp: 0.22.6 (/opt/ros/galactic/share/rmw_cyclonedds_cpp/cmake)
[0.239s] -- Using RMW implementation 'rmw_cyclonedds_cpp' as default
[0.334s] [33mCMake Warning (dev) at /opt/cmake-3.25.0/share/cmake-3.25/Modules/FindPackageHandleStandardArgs.cmake:438 (message):
[0.334s]   The package name passed to `find_package_handle_standard_args` (PkgConfig)
[0.334s]   does not match the name of the calling package (gazebo).  This can lead to
[0.334s]   problems in calling code that expects `find_package` result variables
[0.334s]   (e.g., `_FOUND`) to follow a certain pattern.
[0.334s] Call Stack (most recent call first):
[0.334s]   /opt/cmake-3.25.0/share/cmake-3.25/Modules/FindPkgConfig.cmake:99 (find_package_handle_standard_args)
[0.334s]   /usr/lib/x86_64-linux-gnu/cmake/gazebo/gazebo-config.cmake:72 (include)
[0.334s]   /opt/ros/galactic/share/gazebo_dev/cmake/gazebo_dev-extras.cmake:2 (find_package)
[0.334s]   /opt/ros/galactic/share/gazebo_dev/cmake/gazebo_devConfig.cmake:41 (include)
[0.334s]   /opt/ros/galactic/share/gazebo_ros/cmake/ament_cmake_export_dependencies-extras.cmake:21 (find_package)
[0.335s]   /opt/ros/galactic/share/gazebo_ros/cmake/gazebo_rosConfig.cmake:41 (include)
[0.335s]   CMakeLists.txt:11 (find_package)
[0.335s] This warning is for project developers.  Use -Wno-dev to suppress it.
[0.335s] [0m
[0.373s] -- Found DART: /usr/include (Required is at least version "6.6") found components: dart 
[0.400s] -- Found Protobuf: /usr/lib/x86_64-linux-gnu/libprotobuf.so;-lpthread (found version "3.6.1") 
[0.401s] -- Looking for ignition-math6 -- found version 6.15.1
[0.404s] -- Searching for dependencies of ignition-math6
[0.406s] -- Looking for OGRE...
[0.410s] -- Found Ogre Ghadamon (1.9.0)
[0.410s] -- Found OGRE: optimized;/usr/lib/x86_64-linux-gnu/libOgreMain.so;debug;/usr/lib/x86_64-linux-gnu/libOgreMain.so
[0.419s] -- Looking for OGRE_Paging...
[0.419s] -- Found OGRE_Paging: optimized;/usr/lib/x86_64-linux-gnu/libOgrePaging.so;debug;/usr/lib/x86_64-linux-gnu/libOgrePaging.so
[0.419s] -- Looking for OGRE_Terrain...
[0.419s] -- Found OGRE_Terrain: optimized;/usr/lib/x86_64-linux-gnu/libOgreTerrain.so;debug;/usr/lib/x86_64-linux-gnu/libOgreTerrain.so
[0.419s] -- Looking for OGRE_Property...
[0.419s] -- Found OGRE_Property: optimized;/usr/lib/x86_64-linux-gnu/libOgreProperty.so;debug;/usr/lib/x86_64-linux-gnu/libOgreProperty.so
[0.419s] -- Looking for OGRE_RTShaderSystem...
[0.419s] -- Found OGRE_RTShaderSystem: optimized;/usr/lib/x86_64-linux-gnu/libOgreRTShaderSystem.so;debug;/usr/lib/x86_64-linux-gnu/libOgreRTShaderSystem.so
[0.419s] -- Looking for OGRE_Volume...
[0.419s] -- Found OGRE_Volume: optimized;/usr/lib/x86_64-linux-gnu/libOgreVolume.so;debug;/usr/lib/x86_64-linux-gnu/libOgreVolume.so
[0.419s] -- Looking for OGRE_Overlay...
[0.420s] -- Found OGRE_Overlay: optimized;/usr/lib/x86_64-linux-gnu/libOgreOverlay.so;debug;/usr/lib/x86_64-linux-gnu/libOgreOverlay.so
[0.587s] -- Looking for ignition-math6 -- found version 6.15.1
[0.587s] -- Looking for ignition-transport8 -- found version 8.3.0
[0.587s] -- Searching for dependencies of ignition-transport8
[0.603s] -- Found Protobuf: /usr/lib/x86_64-linux-gnu/libprotobuf.so;-lpthread (found suitable version "3.6.1", minimum required is "3") 
[0.613s] -- Config-file not installed for ZeroMQ -- checking for pkg-config
[0.617s] -- Checking for module 'libzmq >= 4'
[0.627s] --   Found libzmq , version 4.3.2
[0.658s] -- Checking for module 'uuid'
[0.667s] --   Found uuid, version 2.34.0
[0.691s] -- Looking for ignition-msgs5 -- found version 5.10.0
[0.691s] -- Searching for dependencies of ignition-msgs5
[0.705s] -- Looking for ignition-math6 -- found version 6.15.1
[0.709s] -- Checking for module 'tinyxml2'
[0.719s] --   Found tinyxml2, version 6.2.0
[0.746s] -- Looking for ignition-msgs5 -- found version 5.10.0
[0.746s] -- Looking for ignition-common3 -- found version 3.14.2
[0.747s] -- Searching for dependencies of ignition-common3
[0.747s] -- Looking for dlfcn.h - found
[0.747s] -- Looking for libdl - found
[0.755s] -- Searching for <ignition-common3> component [graphics]
[0.755s] -- Looking for ignition-common3-graphics -- found version 3.14.2
[0.755s] -- Searching for dependencies of ignition-common3-graphics
[0.756s] -- Looking for ignition-math6 -- found version 6.15.1
[0.756s] -- Looking for ignition-fuel_tools4 -- found version 4.6.0
[0.757s] -- Searching for dependencies of ignition-fuel_tools4
[0.785s] -- Checking for module 'jsoncpp'
[0.796s] --   Found jsoncpp, version 1.7.4
[0.824s] -- Checking for module 'libzip'
[0.835s] --   Found libzip, version 1.5.1
[0.861s] -- Looking for ignition-common3 -- found version 3.14.2
[0.861s] -- Looking for ignition-math6 -- found version 6.15.1
[0.861s] -- Looking for ignition-msgs5 -- found version 5.10.0
[0.862s] -- Gazebo version: 11.11
[0.867s] [31mCMake Error at /opt/ros/galactic/share/ament_cmake_target_dependencies/cmake/ament_target_dependencies.cmake:77 (message):
[0.867s]   ament_target_dependencies() the passed package name 'xacro' was not found
[0.867s]   before
[0.867s] Call Stack (most recent call first):
[0.867s]   CMakeLists.txt:19 (ament_target_dependencies)
[0.867s] 
[0.867s] [0m
[0.867s] -- Configuring incomplete, errors occurred!
[0.867s] See also "/home/shan2/Mypro/robot_vacuum_ws/build/vacuum_robot/CMakeFiles/CMakeOutput.log".
[0.867s] See also "/home/shan2/Mypro/robot_vacuum_ws/build/vacuum_robot/CMakeFiles/CMakeError.log".
[0.874s] Invoked command in '/home/shan2/Mypro/robot_vacuum_ws/build/vacuum_robot' returned '1': CMAKE_PREFIX_PATH=/opt/ros/galactic /usr/bin/cmake /home/shan2/Mypro/robot_vacuum_ws/src/vacuum_robot -DCMAKE_INSTALL_PREFIX=/home/shan2/Mypro/robot_vacuum_ws/install/vacuum_robot
