Performing C SOURCE FILE Test CMAKE_HAVE_LIBC_PTHREAD failed with the following output:
Change Dir: /home/shan2/Mypro/robot_vacuum_ws/build/vacuum_robot/CMakeFiles/CMakeScratch/TryCompile-J1hdAC

Run Build Command(s):/usr/bin/make -f Makefile cmTC_5d98b/fast && /usr/bin/make  -f CMakeFiles/cmTC_5d98b.dir/build.make CMakeFiles/cmTC_5d98b.dir/build
make[1]: 进入目录“/home/shan2/Mypro/robot_vacuum_ws/build/vacuum_robot/CMakeFiles/CMakeScratch/TryCompile-J1hdAC”
Building C object CMakeFiles/cmTC_5d98b.dir/src.c.o
/usr/bin/cc -DCMAKE_HAVE_LIBC_PTHREAD   -o CMakeFiles/cmTC_5d98b.dir/src.c.o -c /home/shan2/Mypro/robot_vacuum_ws/build/vacuum_robot/CMakeFiles/CMakeScratch/TryCompile-J1hdAC/src.c
Linking C executable cmTC_5d98b
/opt/cmake-3.25.0/bin/cmake -E cmake_link_script CMakeFiles/cmTC_5d98b.dir/link.txt --verbose=1
/usr/bin/cc CMakeFiles/cmTC_5d98b.dir/src.c.o -o cmTC_5d98b 
/usr/bin/ld: CMakeFiles/cmTC_5d98b.dir/src.c.o: in function `main':
src.c:(.text+0x46): undefined reference to `pthread_create'
/usr/bin/ld: src.c:(.text+0x52): undefined reference to `pthread_detach'
/usr/bin/ld: src.c:(.text+0x5e): undefined reference to `pthread_cancel'
/usr/bin/ld: src.c:(.text+0x6f): undefined reference to `pthread_join'
collect2: error: ld returned 1 exit status
make[1]: *** [CMakeFiles/cmTC_5d98b.dir/build.make:99：cmTC_5d98b] 错误 1
make[1]: 离开目录“/home/shan2/Mypro/robot_vacuum_ws/build/vacuum_robot/CMakeFiles/CMakeScratch/TryCompile-J1hdAC”
make: *** [Makefile:127：cmTC_5d98b/fast] 错误 2


Source file was:
#include <pthread.h>

static void* test_func(void* data)
{
  return data;
}

int main(void)
{
  pthread_t thread;
  pthread_create(&thread, NULL, test_func, NULL);
  pthread_detach(thread);
  pthread_cancel(thread);
  pthread_join(thread, NULL);
  pthread_atfork(NULL, NULL, NULL);
  pthread_exit(NULL);

  return 0;
}


Determining if the function pthread_create exists in the pthreads failed with the following output:
Change Dir: /home/shan2/Mypro/robot_vacuum_ws/build/vacuum_robot/CMakeFiles/CMakeScratch/TryCompile-INF1wz

Run Build Command(s):/usr/bin/make -f Makefile cmTC_51653/fast && /usr/bin/make  -f CMakeFiles/cmTC_51653.dir/build.make CMakeFiles/cmTC_51653.dir/build
make[1]: 进入目录“/home/shan2/Mypro/robot_vacuum_ws/build/vacuum_robot/CMakeFiles/CMakeScratch/TryCompile-INF1wz”
Building C object CMakeFiles/cmTC_51653.dir/CheckFunctionExists.c.o
/usr/bin/cc   -DCHECK_FUNCTION_EXISTS=pthread_create -o CMakeFiles/cmTC_51653.dir/CheckFunctionExists.c.o -c /home/shan2/Mypro/robot_vacuum_ws/build/vacuum_robot/CMakeFiles/CMakeScratch/TryCompile-INF1wz/CheckFunctionExists.c
Linking C executable cmTC_51653
/opt/cmake-3.25.0/bin/cmake -E cmake_link_script CMakeFiles/cmTC_51653.dir/link.txt --verbose=1
/usr/bin/cc  -DCHECK_FUNCTION_EXISTS=pthread_create CMakeFiles/cmTC_51653.dir/CheckFunctionExists.c.o -o cmTC_51653  -lpthreads 
/usr/bin/ld: 找不到 -lpthreads
collect2: error: ld returned 1 exit status
make[1]: *** [CMakeFiles/cmTC_51653.dir/build.make:99：cmTC_51653] 错误 1
make[1]: 离开目录“/home/shan2/Mypro/robot_vacuum_ws/build/vacuum_robot/CMakeFiles/CMakeScratch/TryCompile-INF1wz”
make: *** [Makefile:127：cmTC_51653/fast] 错误 2



