[35m[1mScanning dependencies of target line_laser_node[0m
[ 50%] [32mBuilding CXX object CMakeFiles/line_laser_node.dir/src/line_laser_node.cpp.o[0m
[100%] [32m[1mLinking CXX executable line_laser_node[0m
[100%] Built target line_laser_node
-- Install configuration: ""
-- Installing: /home/hsy/Mypro/create3_ws/install/line_laser/lib/line_laser/line_laser_node
-- Set runtime path of "/home/hsy/Mypro/create3_ws/install/line_laser/lib/line_laser/line_laser_node" to ""
-- Up-to-date: /home/hsy/Mypro/create3_ws/install/line_laser/share/ament_index/resource_index/package_run_dependencies/line_laser
-- Up-to-date: /home/hsy/Mypro/create3_ws/install/line_laser/share/ament_index/resource_index/parent_prefix_path/line_laser
-- Up-to-date: /home/hsy/Mypro/create3_ws/install/line_laser/share/line_laser/environment/ament_prefix_path.sh
-- Up-to-date: /home/hsy/Mypro/create3_ws/install/line_laser/share/line_laser/environment/ament_prefix_path.dsv
-- Up-to-date: /home/hsy/Mypro/create3_ws/install/line_laser/share/line_laser/environment/path.sh
-- Up-to-date: /home/hsy/Mypro/create3_ws/install/line_laser/share/line_laser/environment/path.dsv
-- Up-to-date: /home/hsy/Mypro/create3_ws/install/line_laser/share/line_laser/local_setup.bash
-- Up-to-date: /home/hsy/Mypro/create3_ws/install/line_laser/share/line_laser/local_setup.sh
-- Up-to-date: /home/hsy/Mypro/create3_ws/install/line_laser/share/line_laser/local_setup.zsh
-- Up-to-date: /home/hsy/Mypro/create3_ws/install/line_laser/share/line_laser/local_setup.dsv
-- Installing: /home/hsy/Mypro/create3_ws/install/line_laser/share/line_laser/package.dsv
-- Up-to-date: /home/hsy/Mypro/create3_ws/install/line_laser/share/ament_index/resource_index/packages/line_laser
-- Up-to-date: /home/hsy/Mypro/create3_ws/install/line_laser/share/line_laser/cmake/line_laserConfig.cmake
-- Up-to-date: /home/hsy/Mypro/create3_ws/install/line_laser/share/line_laser/cmake/line_laserConfig-version.cmake
-- Up-to-date: /home/hsy/Mypro/create3_ws/install/line_laser/share/line_laser/package.xml
