[0.535s] DEBUG:colcon:Command line arguments: ['/usr/bin/colcon', 'build', '--packages-select', 'edge_following']
[0.535s] DEBUG:colcon:Parsed command line arguments: Namespace(allow_overriding=[], ament_cmake_args=None, base_paths=['.'], build_base='build', catkin_cmake_args=None, catkin_skip_building_tests=False, cmake_args=None, cmake_clean_cache=False, cmake_clean_first=False, cmake_force_configure=False, cmake_target=None, cmake_target_skip_unavailable=False, continue_on_error=False, event_handlers=None, executor='parallel', ignore_user_meta=False, install_base='install', log_base=None, log_level=None, main=<bound method BuildVerb.main of <colcon_core.verb.build.BuildVerb object at 0x7efde87fc460>>, merge_install=False, metas=['./colcon.meta'], packages_above=None, packages_above_and_dependencies=None, packages_above_depth=None, packages_end=None, packages_ignore=None, packages_ignore_regex=None, packages_select=['edge_following'], packages_select_build_failed=False, packages_select_by_dep=None, packages_select_regex=None, packages_select_test_failures=False, packages_skip=None, packages_skip_build_finished=False, packages_skip_by_dep=None, packages_skip_regex=None, packages_skip_test_passed=False, packages_skip_up_to=None, packages_start=None, packages_up_to=None, packages_up_to_regex=None, parallel_workers=8, paths=None, symlink_install=False, test_result_base=None, verb_extension=<colcon_core.verb.build.BuildVerb object at 0x7efde87fc460>, verb_name='build', verb_parser=<colcon_defaults.argument_parser.defaults.DefaultArgumentsDecorator object at 0x7efde8770a00>)
[0.998s] Level 1:colcon.colcon_core.package_discovery:discover_packages(colcon_meta) check parameters
[0.999s] Level 1:colcon.colcon_core.package_discovery:discover_packages(recursive) check parameters
[0.999s] Level 1:colcon.colcon_core.package_discovery:discover_packages(ignore) check parameters
[0.999s] Level 1:colcon.colcon_core.package_discovery:discover_packages(path) check parameters
[0.999s] Level 1:colcon.colcon_core.package_discovery:discover_packages(colcon_meta) discover
[1.000s] Level 1:colcon.colcon_core.package_discovery:discover_packages(recursive) discover
[1.000s] INFO:colcon.colcon_core.package_discovery:Crawling recursively for packages in '/home/hsy/Mypro/create3_ws'
[1.001s] Level 1:colcon.colcon_core.package_identification:_identify(.) by extensions ['ignore', 'ignore_ament_install']
[1.001s] Level 1:colcon.colcon_core.package_identification:_identify(.) by extension 'ignore'
[1.001s] Level 1:colcon.colcon_core.package_identification:_identify(.) by extension 'ignore_ament_install'
[1.002s] Level 1:colcon.colcon_core.package_identification:_identify(.) by extensions ['colcon_pkg']
[1.002s] Level 1:colcon.colcon_core.package_identification:_identify(.) by extension 'colcon_pkg'
[1.002s] Level 1:colcon.colcon_core.package_identification:_identify(.) by extensions ['colcon_meta']
[1.002s] Level 1:colcon.colcon_core.package_identification:_identify(.) by extension 'colcon_meta'
[1.002s] Level 1:colcon.colcon_core.package_identification:_identify(.) by extensions ['ros']
[1.002s] Level 1:colcon.colcon_core.package_identification:_identify(.) by extension 'ros'
[1.043s] Level 1:colcon.colcon_core.package_identification:_identify(.) by extensions ['cmake', 'python']
[1.044s] Level 1:colcon.colcon_core.package_identification:_identify(.) by extension 'cmake'
[1.044s] Level 1:colcon.colcon_core.package_identification:_identify(.) by extension 'python'
[1.044s] Level 1:colcon.colcon_core.package_identification:_identify(.) by extensions ['python_setup_py']
[1.044s] Level 1:colcon.colcon_core.package_identification:_identify(.) by extension 'python_setup_py'
[1.045s] Level 1:colcon.colcon_core.package_identification:_identify(build) by extensions ['ignore', 'ignore_ament_install']
[1.045s] Level 1:colcon.colcon_core.package_identification:_identify(build) by extension 'ignore'
[1.045s] Level 1:colcon.colcon_core.package_identification:_identify(build) ignored
[1.045s] Level 1:colcon.colcon_core.package_identification:_identify(install) by extensions ['ignore', 'ignore_ament_install']
[1.046s] Level 1:colcon.colcon_core.package_identification:_identify(install) by extension 'ignore'
[1.046s] Level 1:colcon.colcon_core.package_identification:_identify(install) ignored
[1.046s] Level 1:colcon.colcon_core.package_identification:_identify(log) by extensions ['ignore', 'ignore_ament_install']
[1.047s] Level 1:colcon.colcon_core.package_identification:_identify(log) by extension 'ignore'
[1.047s] Level 1:colcon.colcon_core.package_identification:_identify(log) ignored
[1.047s] Level 1:colcon.colcon_core.package_identification:_identify(src) by extensions ['ignore', 'ignore_ament_install']
[1.047s] Level 1:colcon.colcon_core.package_identification:_identify(src) by extension 'ignore'
[1.047s] Level 1:colcon.colcon_core.package_identification:_identify(src) by extension 'ignore_ament_install'
[1.047s] Level 1:colcon.colcon_core.package_identification:_identify(src) by extensions ['colcon_pkg']
[1.048s] Level 1:colcon.colcon_core.package_identification:_identify(src) by extension 'colcon_pkg'
[1.048s] Level 1:colcon.colcon_core.package_identification:_identify(src) by extensions ['colcon_meta']
[1.048s] Level 1:colcon.colcon_core.package_identification:_identify(src) by extension 'colcon_meta'
[1.048s] Level 1:colcon.colcon_core.package_identification:_identify(src) by extensions ['ros']
[1.048s] Level 1:colcon.colcon_core.package_identification:_identify(src) by extension 'ros'
[1.048s] Level 1:colcon.colcon_core.package_identification:_identify(src) by extensions ['cmake', 'python']
[1.048s] Level 1:colcon.colcon_core.package_identification:_identify(src) by extension 'cmake'
[1.048s] Level 1:colcon.colcon_core.package_identification:_identify(src) by extension 'python'
[1.049s] Level 1:colcon.colcon_core.package_identification:_identify(src) by extensions ['python_setup_py']
[1.049s] Level 1:colcon.colcon_core.package_identification:_identify(src) by extension 'python_setup_py'
[1.049s] Level 1:colcon.colcon_core.package_identification:_identify(src/edge_following) by extensions ['ignore', 'ignore_ament_install']
[1.050s] Level 1:colcon.colcon_core.package_identification:_identify(src/edge_following) by extension 'ignore'
[1.050s] Level 1:colcon.colcon_core.package_identification:_identify(src/edge_following) by extension 'ignore_ament_install'
[1.050s] Level 1:colcon.colcon_core.package_identification:_identify(src/edge_following) by extensions ['colcon_pkg']
[1.050s] Level 1:colcon.colcon_core.package_identification:_identify(src/edge_following) by extension 'colcon_pkg'
[1.050s] Level 1:colcon.colcon_core.package_identification:_identify(src/edge_following) by extensions ['colcon_meta']
[1.050s] Level 1:colcon.colcon_core.package_identification:_identify(src/edge_following) by extension 'colcon_meta'
[1.050s] Level 1:colcon.colcon_core.package_identification:_identify(src/edge_following) by extensions ['ros']
[1.051s] Level 1:colcon.colcon_core.package_identification:_identify(src/edge_following) by extension 'ros'
[1.062s] DEBUG:colcon.colcon_core.package_identification:Package 'src/edge_following' with type 'ros.ament_cmake' and name 'edge_following'
[1.062s] Level 1:colcon.colcon_core.package_identification:_identify(src/line_laser) by extensions ['ignore', 'ignore_ament_install']
[1.062s] Level 1:colcon.colcon_core.package_identification:_identify(src/line_laser) by extension 'ignore'
[1.063s] Level 1:colcon.colcon_core.package_identification:_identify(src/line_laser) by extension 'ignore_ament_install'
[1.063s] Level 1:colcon.colcon_core.package_identification:_identify(src/line_laser) by extensions ['colcon_pkg']
[1.063s] Level 1:colcon.colcon_core.package_identification:_identify(src/line_laser) by extension 'colcon_pkg'
[1.063s] Level 1:colcon.colcon_core.package_identification:_identify(src/line_laser) by extensions ['colcon_meta']
[1.063s] Level 1:colcon.colcon_core.package_identification:_identify(src/line_laser) by extension 'colcon_meta'
[1.064s] Level 1:colcon.colcon_core.package_identification:_identify(src/line_laser) by extensions ['ros']
[1.064s] Level 1:colcon.colcon_core.package_identification:_identify(src/line_laser) by extension 'ros'
[1.066s] DEBUG:colcon.colcon_core.package_identification:Package 'src/line_laser' with type 'ros.ament_cmake' and name 'line_laser'
[1.066s] Level 1:colcon.colcon_core.package_discovery:discover_packages(recursive) using defaults
[1.067s] Level 1:colcon.colcon_core.package_discovery:discover_packages(ignore) discover
[1.067s] Level 1:colcon.colcon_core.package_discovery:discover_packages(ignore) using defaults
[1.067s] Level 1:colcon.colcon_core.package_discovery:discover_packages(path) discover
[1.068s] Level 1:colcon.colcon_core.package_discovery:discover_packages(path) using defaults
[1.120s] INFO:colcon.colcon_core.package_selection:Skipping not selected package 'line_laser' in 'src/line_laser'
[1.122s] Level 1:colcon.colcon_core.package_discovery:discover_packages(prefix_path) check parameters
[1.122s] Level 1:colcon.colcon_core.package_discovery:discover_packages(prefix_path) discover
[1.126s] DEBUG:colcon.colcon_installed_package_information.package_discovery:Found 1 installed packages in /home/hsy/Mypro/create3_ws/install
[1.130s] DEBUG:colcon.colcon_installed_package_information.package_discovery:Found 268 installed packages in /opt/ros/galactic
[1.140s] Level 1:colcon.colcon_core.package_discovery:discover_packages(prefix_path) using defaults
[1.345s] Level 5:colcon.colcon_core.verb:set package 'edge_following' build argument 'cmake_args' from command line to 'None'
[1.345s] Level 5:colcon.colcon_core.verb:set package 'edge_following' build argument 'cmake_target' from command line to 'None'
[1.345s] Level 5:colcon.colcon_core.verb:set package 'edge_following' build argument 'cmake_target_skip_unavailable' from command line to 'False'
[1.345s] Level 5:colcon.colcon_core.verb:set package 'edge_following' build argument 'cmake_clean_cache' from command line to 'False'
[1.345s] Level 5:colcon.colcon_core.verb:set package 'edge_following' build argument 'cmake_clean_first' from command line to 'False'
[1.346s] Level 5:colcon.colcon_core.verb:set package 'edge_following' build argument 'cmake_force_configure' from command line to 'False'
[1.346s] Level 5:colcon.colcon_core.verb:set package 'edge_following' build argument 'ament_cmake_args' from command line to 'None'
[1.346s] Level 5:colcon.colcon_core.verb:set package 'edge_following' build argument 'catkin_cmake_args' from command line to 'None'
[1.346s] Level 5:colcon.colcon_core.verb:set package 'edge_following' build argument 'catkin_skip_building_tests' from command line to 'False'
[1.346s] DEBUG:colcon.colcon_core.verb:Building package 'edge_following' with the following arguments: {'ament_cmake_args': None, 'build_base': '/home/hsy/Mypro/create3_ws/build/edge_following', 'catkin_cmake_args': None, 'catkin_skip_building_tests': False, 'cmake_args': None, 'cmake_clean_cache': False, 'cmake_clean_first': False, 'cmake_force_configure': False, 'cmake_target': None, 'cmake_target_skip_unavailable': False, 'install_base': '/home/hsy/Mypro/create3_ws/install/edge_following', 'merge_install': False, 'path': '/home/hsy/Mypro/create3_ws/src/edge_following', 'symlink_install': False, 'test_result_base': None}
[1.347s] INFO:colcon.colcon_core.executor:Executing jobs using 'parallel' executor
[1.351s] DEBUG:colcon.colcon_parallel_executor.executor.parallel:run_until_complete
[1.352s] INFO:colcon.colcon_ros.task.ament_cmake.build:Building ROS package in '/home/hsy/Mypro/create3_ws/src/edge_following' with build type 'ament_cmake'
[1.352s] INFO:colcon.colcon_cmake.task.cmake.build:Building CMake package in '/home/hsy/Mypro/create3_ws/src/edge_following'
[1.356s] INFO:colcon.colcon_core.plugin_system:Skipping extension 'colcon_core.shell.bat': Not used on non-Windows systems
[1.357s] INFO:colcon.colcon_core.shell:Skip shell extension 'powershell' for command environment: Not usable outside of PowerShell
[1.357s] DEBUG:colcon.colcon_core.shell:Skip shell extension 'dsv' for command environment
[1.394s] DEBUG:colcon.colcon_core.event_handler.log_command:Invoking command in '/home/hsy/Mypro/create3_ws/build/edge_following': CMAKE_PREFIX_PATH=${CMAKE_PREFIX_PATH}:/opt/ros/galactic /usr/bin/cmake --build /home/hsy/Mypro/create3_ws/build/edge_following -- -j8 -l8
[29.314s] DEBUG:colcon.colcon_core.event_handler.log_command:Invoked command in '/home/hsy/Mypro/create3_ws/build/edge_following' returned '0': CMAKE_PREFIX_PATH=${CMAKE_PREFIX_PATH}:/opt/ros/galactic /usr/bin/cmake --build /home/hsy/Mypro/create3_ws/build/edge_following -- -j8 -l8
[29.359s] DEBUG:colcon.colcon_core.event_handler.log_command:Invoking command in '/home/hsy/Mypro/create3_ws/build/edge_following': CMAKE_PREFIX_PATH=${CMAKE_PREFIX_PATH}:/opt/ros/galactic /usr/bin/cmake --install /home/hsy/Mypro/create3_ws/build/edge_following
[29.394s] Level 1:colcon.colcon_core.environment:create_environment_scripts_only(edge_following)
[29.395s] DEBUG:colcon.colcon_core.event_handler.log_command:Invoked command in '/home/hsy/Mypro/create3_ws/build/edge_following' returned '0': CMAKE_PREFIX_PATH=${CMAKE_PREFIX_PATH}:/opt/ros/galactic /usr/bin/cmake --install /home/hsy/Mypro/create3_ws/build/edge_following
[29.404s] Level 1:colcon.colcon_core.environment:checking '/home/hsy/Mypro/create3_ws/install/edge_following' for CMake module files
[29.406s] Level 1:colcon.colcon_core.environment:checking '/home/hsy/Mypro/create3_ws/install/edge_following' for CMake config files
[29.407s] Level 1:colcon.colcon_core.shell:create_environment_hook('edge_following', 'cmake_prefix_path')
[29.408s] INFO:colcon.colcon_core.shell:Creating environment hook '/home/hsy/Mypro/create3_ws/install/edge_following/share/edge_following/hook/cmake_prefix_path.ps1'
[29.410s] INFO:colcon.colcon_core.shell:Creating environment descriptor '/home/hsy/Mypro/create3_ws/install/edge_following/share/edge_following/hook/cmake_prefix_path.dsv'
[29.411s] INFO:colcon.colcon_core.shell:Creating environment hook '/home/hsy/Mypro/create3_ws/install/edge_following/share/edge_following/hook/cmake_prefix_path.sh'
[29.413s] Level 1:colcon.colcon_core.environment:checking '/home/hsy/Mypro/create3_ws/install/edge_following/lib'
[29.413s] Level 1:colcon.colcon_core.environment:checking '/home/hsy/Mypro/create3_ws/install/edge_following/bin'
[29.414s] Level 1:colcon.colcon_core.environment:checking '/home/hsy/Mypro/create3_ws/install/edge_following/lib/pkgconfig/edge_following.pc'
[29.415s] Level 1:colcon.colcon_core.environment:checking '/home/hsy/Mypro/create3_ws/install/edge_following/lib/python3.8/site-packages'
[29.415s] Level 1:colcon.colcon_core.environment:checking '/home/hsy/Mypro/create3_ws/install/edge_following/bin'
[29.417s] INFO:colcon.colcon_core.shell:Creating package script '/home/hsy/Mypro/create3_ws/install/edge_following/share/edge_following/package.ps1'
[29.418s] INFO:colcon.colcon_core.shell:Creating package descriptor '/home/hsy/Mypro/create3_ws/install/edge_following/share/edge_following/package.dsv'
[29.420s] INFO:colcon.colcon_core.shell:Creating package script '/home/hsy/Mypro/create3_ws/install/edge_following/share/edge_following/package.sh'
[29.423s] INFO:colcon.colcon_core.shell:Creating package script '/home/hsy/Mypro/create3_ws/install/edge_following/share/edge_following/package.bash'
[29.426s] INFO:colcon.colcon_core.shell:Creating package script '/home/hsy/Mypro/create3_ws/install/edge_following/share/edge_following/package.zsh'
[29.428s] Level 1:colcon.colcon_core.environment:create_file_with_runtime_dependencies(/home/hsy/Mypro/create3_ws/install/edge_following/share/colcon-core/packages/edge_following)
[29.431s] Level 1:colcon.colcon_core.environment:create_environment_scripts_only(edge_following)
[29.432s] Level 1:colcon.colcon_core.environment:checking '/home/hsy/Mypro/create3_ws/install/edge_following' for CMake module files
[29.433s] Level 1:colcon.colcon_core.environment:checking '/home/hsy/Mypro/create3_ws/install/edge_following' for CMake config files
[29.433s] Level 1:colcon.colcon_core.shell:create_environment_hook('edge_following', 'cmake_prefix_path')
[29.434s] INFO:colcon.colcon_core.shell:Creating environment hook '/home/hsy/Mypro/create3_ws/install/edge_following/share/edge_following/hook/cmake_prefix_path.ps1'
[29.435s] INFO:colcon.colcon_core.shell:Creating environment descriptor '/home/hsy/Mypro/create3_ws/install/edge_following/share/edge_following/hook/cmake_prefix_path.dsv'
[29.437s] INFO:colcon.colcon_core.shell:Creating environment hook '/home/hsy/Mypro/create3_ws/install/edge_following/share/edge_following/hook/cmake_prefix_path.sh'
[29.439s] Level 1:colcon.colcon_core.environment:checking '/home/hsy/Mypro/create3_ws/install/edge_following/lib'
[29.440s] Level 1:colcon.colcon_core.environment:checking '/home/hsy/Mypro/create3_ws/install/edge_following/bin'
[29.440s] Level 1:colcon.colcon_core.environment:checking '/home/hsy/Mypro/create3_ws/install/edge_following/lib/pkgconfig/edge_following.pc'
[29.441s] Level 1:colcon.colcon_core.environment:checking '/home/hsy/Mypro/create3_ws/install/edge_following/lib/python3.8/site-packages'
[29.441s] Level 1:colcon.colcon_core.environment:checking '/home/hsy/Mypro/create3_ws/install/edge_following/bin'
[29.442s] INFO:colcon.colcon_core.shell:Creating package script '/home/hsy/Mypro/create3_ws/install/edge_following/share/edge_following/package.ps1'
[29.444s] INFO:colcon.colcon_core.shell:Creating package descriptor '/home/hsy/Mypro/create3_ws/install/edge_following/share/edge_following/package.dsv'
[29.446s] INFO:colcon.colcon_core.shell:Creating package script '/home/hsy/Mypro/create3_ws/install/edge_following/share/edge_following/package.sh'
[29.448s] INFO:colcon.colcon_core.shell:Creating package script '/home/hsy/Mypro/create3_ws/install/edge_following/share/edge_following/package.bash'
[29.449s] INFO:colcon.colcon_core.shell:Creating package script '/home/hsy/Mypro/create3_ws/install/edge_following/share/edge_following/package.zsh'
[29.451s] Level 1:colcon.colcon_core.environment:create_file_with_runtime_dependencies(/home/hsy/Mypro/create3_ws/install/edge_following/share/colcon-core/packages/edge_following)
[29.453s] DEBUG:colcon.colcon_parallel_executor.executor.parallel:closing loop
[29.455s] DEBUG:colcon.colcon_parallel_executor.executor.parallel:loop closed
[29.455s] DEBUG:colcon.colcon_parallel_executor.executor.parallel:run_until_complete finished with '0'
[29.455s] DEBUG:colcon.colcon_core.event_reactor:joining thread
[29.473s] INFO:colcon.colcon_core.plugin_system:Skipping extension 'colcon_notification.desktop_notification.terminal_notifier': Not used on non-Darwin systems
[29.473s] INFO:colcon.colcon_core.plugin_system:Skipping extension 'colcon_notification.desktop_notification.win32': Not used on non-Windows systems
[29.474s] INFO:colcon.colcon_notification.desktop_notification:Sending desktop notification using 'notify2'
[29.522s] DEBUG:colcon.colcon_core.event_reactor:joined thread
[29.523s] INFO:colcon.colcon_core.shell:Creating prefix script '/home/hsy/Mypro/create3_ws/install/local_setup.ps1'
[29.526s] INFO:colcon.colcon_core.shell:Creating prefix util module '/home/hsy/Mypro/create3_ws/install/_local_setup_util_ps1.py'
[29.529s] INFO:colcon.colcon_core.shell:Creating prefix chain script '/home/hsy/Mypro/create3_ws/install/setup.ps1'
[29.534s] INFO:colcon.colcon_core.shell:Creating prefix script '/home/hsy/Mypro/create3_ws/install/local_setup.sh'
[29.537s] INFO:colcon.colcon_core.shell:Creating prefix util module '/home/hsy/Mypro/create3_ws/install/_local_setup_util_sh.py'
[29.540s] INFO:colcon.colcon_core.shell:Creating prefix chain script '/home/hsy/Mypro/create3_ws/install/setup.sh'
[29.544s] INFO:colcon.colcon_core.shell:Creating prefix script '/home/hsy/Mypro/create3_ws/install/local_setup.bash'
[29.545s] INFO:colcon.colcon_core.shell:Creating prefix chain script '/home/hsy/Mypro/create3_ws/install/setup.bash'
[29.549s] INFO:colcon.colcon_core.shell:Creating prefix script '/home/hsy/Mypro/create3_ws/install/local_setup.zsh'
[29.551s] INFO:colcon.colcon_core.shell:Creating prefix chain script '/home/hsy/Mypro/create3_ws/install/setup.zsh'
