[0.549s] DEBUG:colcon:Command line arguments: ['/usr/bin/colcon', 'build', '--packages-select', 'edge_following']
[0.550s] DEBUG:colcon:Parsed command line arguments: Namespace(allow_overriding=[], ament_cmake_args=None, base_paths=['.'], build_base='build', catkin_cmake_args=None, catkin_skip_building_tests=False, cmake_args=None, cmake_clean_cache=False, cmake_clean_first=False, cmake_force_configure=False, cmake_target=None, cmake_target_skip_unavailable=False, continue_on_error=False, event_handlers=None, executor='parallel', ignore_user_meta=False, install_base='install', log_base=None, log_level=None, main=<bound method BuildVerb.main of <colcon_core.verb.build.BuildVerb object at 0x7f872818f460>>, merge_install=False, metas=['./colcon.meta'], packages_above=None, packages_above_and_dependencies=None, packages_above_depth=None, packages_end=None, packages_ignore=None, packages_ignore_regex=None, packages_select=['edge_following'], packages_select_build_failed=False, packages_select_by_dep=None, packages_select_regex=None, packages_select_test_failures=False, packages_skip=None, packages_skip_build_finished=False, packages_skip_by_dep=None, packages_skip_regex=None, packages_skip_test_passed=False, packages_skip_up_to=None, packages_start=None, packages_up_to=None, packages_up_to_regex=None, parallel_workers=8, paths=None, symlink_install=False, test_result_base=None, verb_extension=<colcon_core.verb.build.BuildVerb object at 0x7f872818f460>, verb_name='build', verb_parser=<colcon_defaults.argument_parser.defaults.DefaultArgumentsDecorator object at 0x7f8728103a00>)
[0.946s] Level 1:colcon.colcon_core.package_discovery:discover_packages(colcon_meta) check parameters
[0.947s] Level 1:colcon.colcon_core.package_discovery:discover_packages(recursive) check parameters
[0.947s] Level 1:colcon.colcon_core.package_discovery:discover_packages(ignore) check parameters
[0.947s] Level 1:colcon.colcon_core.package_discovery:discover_packages(path) check parameters
[0.947s] Level 1:colcon.colcon_core.package_discovery:discover_packages(colcon_meta) discover
[0.947s] Level 1:colcon.colcon_core.package_discovery:discover_packages(recursive) discover
[0.947s] INFO:colcon.colcon_core.package_discovery:Crawling recursively for packages in '/home/hsy/Mypro/create3_ws'
[0.948s] Level 1:colcon.colcon_core.package_identification:_identify(.) by extensions ['ignore', 'ignore_ament_install']
[0.949s] Level 1:colcon.colcon_core.package_identification:_identify(.) by extension 'ignore'
[0.949s] Level 1:colcon.colcon_core.package_identification:_identify(.) by extension 'ignore_ament_install'
[0.949s] Level 1:colcon.colcon_core.package_identification:_identify(.) by extensions ['colcon_pkg']
[0.949s] Level 1:colcon.colcon_core.package_identification:_identify(.) by extension 'colcon_pkg'
[0.949s] Level 1:colcon.colcon_core.package_identification:_identify(.) by extensions ['colcon_meta']
[0.949s] Level 1:colcon.colcon_core.package_identification:_identify(.) by extension 'colcon_meta'
[0.950s] Level 1:colcon.colcon_core.package_identification:_identify(.) by extensions ['ros']
[0.950s] Level 1:colcon.colcon_core.package_identification:_identify(.) by extension 'ros'
[0.987s] Level 1:colcon.colcon_core.package_identification:_identify(.) by extensions ['cmake', 'python']
[0.987s] Level 1:colcon.colcon_core.package_identification:_identify(.) by extension 'cmake'
[0.988s] Level 1:colcon.colcon_core.package_identification:_identify(.) by extension 'python'
[0.988s] Level 1:colcon.colcon_core.package_identification:_identify(.) by extensions ['python_setup_py']
[0.989s] Level 1:colcon.colcon_core.package_identification:_identify(.) by extension 'python_setup_py'
[0.989s] Level 1:colcon.colcon_core.package_identification:_identify(build) by extensions ['ignore', 'ignore_ament_install']
[0.989s] Level 1:colcon.colcon_core.package_identification:_identify(build) by extension 'ignore'
[0.990s] Level 1:colcon.colcon_core.package_identification:_identify(build) ignored
[0.990s] Level 1:colcon.colcon_core.package_identification:_identify(install) by extensions ['ignore', 'ignore_ament_install']
[0.990s] Level 1:colcon.colcon_core.package_identification:_identify(install) by extension 'ignore'
[0.990s] Level 1:colcon.colcon_core.package_identification:_identify(install) ignored
[0.990s] Level 1:colcon.colcon_core.package_identification:_identify(log) by extensions ['ignore', 'ignore_ament_install']
[0.991s] Level 1:colcon.colcon_core.package_identification:_identify(log) by extension 'ignore'
[0.991s] Level 1:colcon.colcon_core.package_identification:_identify(log) ignored
[0.992s] Level 1:colcon.colcon_core.package_identification:_identify(src) by extensions ['ignore', 'ignore_ament_install']
[0.992s] Level 1:colcon.colcon_core.package_identification:_identify(src) by extension 'ignore'
[0.992s] Level 1:colcon.colcon_core.package_identification:_identify(src) by extension 'ignore_ament_install'
[0.993s] Level 1:colcon.colcon_core.package_identification:_identify(src) by extensions ['colcon_pkg']
[0.993s] Level 1:colcon.colcon_core.package_identification:_identify(src) by extension 'colcon_pkg'
[0.993s] Level 1:colcon.colcon_core.package_identification:_identify(src) by extensions ['colcon_meta']
[0.993s] Level 1:colcon.colcon_core.package_identification:_identify(src) by extension 'colcon_meta'
[0.993s] Level 1:colcon.colcon_core.package_identification:_identify(src) by extensions ['ros']
[0.993s] Level 1:colcon.colcon_core.package_identification:_identify(src) by extension 'ros'
[0.993s] Level 1:colcon.colcon_core.package_identification:_identify(src) by extensions ['cmake', 'python']
[0.993s] Level 1:colcon.colcon_core.package_identification:_identify(src) by extension 'cmake'
[0.993s] Level 1:colcon.colcon_core.package_identification:_identify(src) by extension 'python'
[0.994s] Level 1:colcon.colcon_core.package_identification:_identify(src) by extensions ['python_setup_py']
[0.994s] Level 1:colcon.colcon_core.package_identification:_identify(src) by extension 'python_setup_py'
[0.994s] Level 1:colcon.colcon_core.package_identification:_identify(src/edge_following) by extensions ['ignore', 'ignore_ament_install']
[0.994s] Level 1:colcon.colcon_core.package_identification:_identify(src/edge_following) by extension 'ignore'
[0.994s] Level 1:colcon.colcon_core.package_identification:_identify(src/edge_following) by extension 'ignore_ament_install'
[0.995s] Level 1:colcon.colcon_core.package_identification:_identify(src/edge_following) by extensions ['colcon_pkg']
[0.995s] Level 1:colcon.colcon_core.package_identification:_identify(src/edge_following) by extension 'colcon_pkg'
[0.995s] Level 1:colcon.colcon_core.package_identification:_identify(src/edge_following) by extensions ['colcon_meta']
[0.995s] Level 1:colcon.colcon_core.package_identification:_identify(src/edge_following) by extension 'colcon_meta'
[0.995s] Level 1:colcon.colcon_core.package_identification:_identify(src/edge_following) by extensions ['ros']
[0.995s] Level 1:colcon.colcon_core.package_identification:_identify(src/edge_following) by extension 'ros'
[1.002s] DEBUG:colcon.colcon_core.package_identification:Package 'src/edge_following' with type 'ros.ament_cmake' and name 'edge_following'
[1.003s] Level 1:colcon.colcon_core.package_identification:_identify(src/line_laser) by extensions ['ignore', 'ignore_ament_install']
[1.003s] Level 1:colcon.colcon_core.package_identification:_identify(src/line_laser) by extension 'ignore'
[1.003s] Level 1:colcon.colcon_core.package_identification:_identify(src/line_laser) by extension 'ignore_ament_install'
[1.003s] Level 1:colcon.colcon_core.package_identification:_identify(src/line_laser) by extensions ['colcon_pkg']
[1.004s] Level 1:colcon.colcon_core.package_identification:_identify(src/line_laser) by extension 'colcon_pkg'
[1.004s] Level 1:colcon.colcon_core.package_identification:_identify(src/line_laser) by extensions ['colcon_meta']
[1.004s] Level 1:colcon.colcon_core.package_identification:_identify(src/line_laser) by extension 'colcon_meta'
[1.004s] Level 1:colcon.colcon_core.package_identification:_identify(src/line_laser) by extensions ['ros']
[1.004s] Level 1:colcon.colcon_core.package_identification:_identify(src/line_laser) by extension 'ros'
[1.006s] DEBUG:colcon.colcon_core.package_identification:Package 'src/line_laser' with type 'ros.ament_cmake' and name 'line_laser'
[1.007s] Level 1:colcon.colcon_core.package_discovery:discover_packages(recursive) using defaults
[1.008s] Level 1:colcon.colcon_core.package_discovery:discover_packages(ignore) discover
[1.008s] Level 1:colcon.colcon_core.package_discovery:discover_packages(ignore) using defaults
[1.008s] Level 1:colcon.colcon_core.package_discovery:discover_packages(path) discover
[1.008s] Level 1:colcon.colcon_core.package_discovery:discover_packages(path) using defaults
[1.060s] INFO:colcon.colcon_core.package_selection:Skipping not selected package 'line_laser' in 'src/line_laser'
[1.062s] Level 1:colcon.colcon_core.package_discovery:discover_packages(prefix_path) check parameters
[1.062s] Level 1:colcon.colcon_core.package_discovery:discover_packages(prefix_path) discover
[1.070s] DEBUG:colcon.colcon_installed_package_information.package_discovery:Found 268 installed packages in /opt/ros/galactic
[1.079s] Level 1:colcon.colcon_core.package_discovery:discover_packages(prefix_path) using defaults
[1.281s] Level 5:colcon.colcon_core.verb:set package 'edge_following' build argument 'cmake_args' from command line to 'None'
[1.281s] Level 5:colcon.colcon_core.verb:set package 'edge_following' build argument 'cmake_target' from command line to 'None'
[1.281s] Level 5:colcon.colcon_core.verb:set package 'edge_following' build argument 'cmake_target_skip_unavailable' from command line to 'False'
[1.281s] Level 5:colcon.colcon_core.verb:set package 'edge_following' build argument 'cmake_clean_cache' from command line to 'False'
[1.281s] Level 5:colcon.colcon_core.verb:set package 'edge_following' build argument 'cmake_clean_first' from command line to 'False'
[1.281s] Level 5:colcon.colcon_core.verb:set package 'edge_following' build argument 'cmake_force_configure' from command line to 'False'
[1.281s] Level 5:colcon.colcon_core.verb:set package 'edge_following' build argument 'ament_cmake_args' from command line to 'None'
[1.281s] Level 5:colcon.colcon_core.verb:set package 'edge_following' build argument 'catkin_cmake_args' from command line to 'None'
[1.281s] Level 5:colcon.colcon_core.verb:set package 'edge_following' build argument 'catkin_skip_building_tests' from command line to 'False'
[1.282s] DEBUG:colcon.colcon_core.verb:Building package 'edge_following' with the following arguments: {'ament_cmake_args': None, 'build_base': '/home/hsy/Mypro/create3_ws/build/edge_following', 'catkin_cmake_args': None, 'catkin_skip_building_tests': False, 'cmake_args': None, 'cmake_clean_cache': False, 'cmake_clean_first': False, 'cmake_force_configure': False, 'cmake_target': None, 'cmake_target_skip_unavailable': False, 'install_base': '/home/hsy/Mypro/create3_ws/install/edge_following', 'merge_install': False, 'path': '/home/hsy/Mypro/create3_ws/src/edge_following', 'symlink_install': False, 'test_result_base': None}
[1.282s] INFO:colcon.colcon_core.executor:Executing jobs using 'parallel' executor
[1.285s] DEBUG:colcon.colcon_parallel_executor.executor.parallel:run_until_complete
[1.286s] INFO:colcon.colcon_ros.task.ament_cmake.build:Building ROS package in '/home/hsy/Mypro/create3_ws/src/edge_following' with build type 'ament_cmake'
[1.287s] INFO:colcon.colcon_cmake.task.cmake.build:Building CMake package in '/home/hsy/Mypro/create3_ws/src/edge_following'
[1.293s] INFO:colcon.colcon_core.plugin_system:Skipping extension 'colcon_core.shell.bat': Not used on non-Windows systems
[1.294s] INFO:colcon.colcon_core.shell:Skip shell extension 'powershell' for command environment: Not usable outside of PowerShell
[1.294s] DEBUG:colcon.colcon_core.shell:Skip shell extension 'dsv' for command environment
[1.330s] DEBUG:colcon.colcon_core.event_handler.log_command:Invoking command in '/home/hsy/Mypro/create3_ws/build/edge_following': CMAKE_PREFIX_PATH=/opt/ros/galactic /usr/bin/cmake --build /home/hsy/Mypro/create3_ws/build/edge_following -- -j8 -l8
[31.153s] DEBUG:colcon.colcon_core.event_handler.log_command:Invoked command in '/home/hsy/Mypro/create3_ws/build/edge_following' returned '0': CMAKE_PREFIX_PATH=/opt/ros/galactic /usr/bin/cmake --build /home/hsy/Mypro/create3_ws/build/edge_following -- -j8 -l8
[31.196s] DEBUG:colcon.colcon_core.event_handler.log_command:Invoking command in '/home/hsy/Mypro/create3_ws/build/edge_following': CMAKE_PREFIX_PATH=/opt/ros/galactic /usr/bin/cmake --install /home/hsy/Mypro/create3_ws/build/edge_following
[31.243s] Level 1:colcon.colcon_core.environment:create_environment_scripts_only(edge_following)
[31.250s] DEBUG:colcon.colcon_core.event_handler.log_command:Invoked command in '/home/hsy/Mypro/create3_ws/build/edge_following' returned '0': CMAKE_PREFIX_PATH=/opt/ros/galactic /usr/bin/cmake --install /home/hsy/Mypro/create3_ws/build/edge_following
[31.256s] Level 1:colcon.colcon_core.environment:checking '/home/hsy/Mypro/create3_ws/install/edge_following' for CMake module files
[31.258s] Level 1:colcon.colcon_core.environment:checking '/home/hsy/Mypro/create3_ws/install/edge_following' for CMake config files
[31.259s] Level 1:colcon.colcon_core.shell:create_environment_hook('edge_following', 'cmake_prefix_path')
[31.260s] INFO:colcon.colcon_core.shell:Creating environment hook '/home/hsy/Mypro/create3_ws/install/edge_following/share/edge_following/hook/cmake_prefix_path.ps1'
[31.262s] INFO:colcon.colcon_core.shell:Creating environment descriptor '/home/hsy/Mypro/create3_ws/install/edge_following/share/edge_following/hook/cmake_prefix_path.dsv'
[31.263s] INFO:colcon.colcon_core.shell:Creating environment hook '/home/hsy/Mypro/create3_ws/install/edge_following/share/edge_following/hook/cmake_prefix_path.sh'
[31.266s] Level 1:colcon.colcon_core.environment:checking '/home/hsy/Mypro/create3_ws/install/edge_following/lib'
[31.266s] Level 1:colcon.colcon_core.environment:checking '/home/hsy/Mypro/create3_ws/install/edge_following/bin'
[31.266s] Level 1:colcon.colcon_core.environment:checking '/home/hsy/Mypro/create3_ws/install/edge_following/lib/pkgconfig/edge_following.pc'
[31.267s] Level 1:colcon.colcon_core.environment:checking '/home/hsy/Mypro/create3_ws/install/edge_following/lib/python3.8/site-packages'
[31.268s] Level 1:colcon.colcon_core.environment:checking '/home/hsy/Mypro/create3_ws/install/edge_following/bin'
[31.269s] INFO:colcon.colcon_core.shell:Creating package script '/home/hsy/Mypro/create3_ws/install/edge_following/share/edge_following/package.ps1'
[31.272s] INFO:colcon.colcon_core.shell:Creating package descriptor '/home/hsy/Mypro/create3_ws/install/edge_following/share/edge_following/package.dsv'
[31.273s] INFO:colcon.colcon_core.shell:Creating package script '/home/hsy/Mypro/create3_ws/install/edge_following/share/edge_following/package.sh'
[31.275s] INFO:colcon.colcon_core.shell:Creating package script '/home/hsy/Mypro/create3_ws/install/edge_following/share/edge_following/package.bash'
[31.277s] INFO:colcon.colcon_core.shell:Creating package script '/home/hsy/Mypro/create3_ws/install/edge_following/share/edge_following/package.zsh'
[31.279s] Level 1:colcon.colcon_core.environment:create_file_with_runtime_dependencies(/home/hsy/Mypro/create3_ws/install/edge_following/share/colcon-core/packages/edge_following)
[31.281s] Level 1:colcon.colcon_core.environment:create_environment_scripts_only(edge_following)
[31.281s] Level 1:colcon.colcon_core.environment:checking '/home/hsy/Mypro/create3_ws/install/edge_following' for CMake module files
[31.283s] Level 1:colcon.colcon_core.environment:checking '/home/hsy/Mypro/create3_ws/install/edge_following' for CMake config files
[31.283s] Level 1:colcon.colcon_core.shell:create_environment_hook('edge_following', 'cmake_prefix_path')
[31.284s] INFO:colcon.colcon_core.shell:Creating environment hook '/home/hsy/Mypro/create3_ws/install/edge_following/share/edge_following/hook/cmake_prefix_path.ps1'
[31.285s] INFO:colcon.colcon_core.shell:Creating environment descriptor '/home/hsy/Mypro/create3_ws/install/edge_following/share/edge_following/hook/cmake_prefix_path.dsv'
[31.286s] INFO:colcon.colcon_core.shell:Creating environment hook '/home/hsy/Mypro/create3_ws/install/edge_following/share/edge_following/hook/cmake_prefix_path.sh'
[31.289s] Level 1:colcon.colcon_core.environment:checking '/home/hsy/Mypro/create3_ws/install/edge_following/lib'
[31.289s] Level 1:colcon.colcon_core.environment:checking '/home/hsy/Mypro/create3_ws/install/edge_following/bin'
[31.289s] Level 1:colcon.colcon_core.environment:checking '/home/hsy/Mypro/create3_ws/install/edge_following/lib/pkgconfig/edge_following.pc'
[31.290s] Level 1:colcon.colcon_core.environment:checking '/home/hsy/Mypro/create3_ws/install/edge_following/lib/python3.8/site-packages'
[31.290s] Level 1:colcon.colcon_core.environment:checking '/home/hsy/Mypro/create3_ws/install/edge_following/bin'
[31.291s] INFO:colcon.colcon_core.shell:Creating package script '/home/hsy/Mypro/create3_ws/install/edge_following/share/edge_following/package.ps1'
[31.293s] INFO:colcon.colcon_core.shell:Creating package descriptor '/home/hsy/Mypro/create3_ws/install/edge_following/share/edge_following/package.dsv'
[31.295s] INFO:colcon.colcon_core.shell:Creating package script '/home/hsy/Mypro/create3_ws/install/edge_following/share/edge_following/package.sh'
[31.297s] INFO:colcon.colcon_core.shell:Creating package script '/home/hsy/Mypro/create3_ws/install/edge_following/share/edge_following/package.bash'
[31.298s] INFO:colcon.colcon_core.shell:Creating package script '/home/hsy/Mypro/create3_ws/install/edge_following/share/edge_following/package.zsh'
[31.300s] Level 1:colcon.colcon_core.environment:create_file_with_runtime_dependencies(/home/hsy/Mypro/create3_ws/install/edge_following/share/colcon-core/packages/edge_following)
[31.301s] DEBUG:colcon.colcon_parallel_executor.executor.parallel:closing loop
[31.303s] DEBUG:colcon.colcon_parallel_executor.executor.parallel:loop closed
[31.303s] DEBUG:colcon.colcon_parallel_executor.executor.parallel:run_until_complete finished with '0'
[31.303s] DEBUG:colcon.colcon_core.event_reactor:joining thread
[31.323s] INFO:colcon.colcon_core.plugin_system:Skipping extension 'colcon_notification.desktop_notification.terminal_notifier': Not used on non-Darwin systems
[31.323s] INFO:colcon.colcon_core.plugin_system:Skipping extension 'colcon_notification.desktop_notification.win32': Not used on non-Windows systems
[31.324s] INFO:colcon.colcon_notification.desktop_notification:Sending desktop notification using 'notify2'
[31.373s] DEBUG:colcon.colcon_core.event_reactor:joined thread
[31.374s] INFO:colcon.colcon_core.shell:Creating prefix script '/home/hsy/Mypro/create3_ws/install/local_setup.ps1'
[31.378s] INFO:colcon.colcon_core.shell:Creating prefix util module '/home/hsy/Mypro/create3_ws/install/_local_setup_util_ps1.py'
[31.382s] INFO:colcon.colcon_core.shell:Creating prefix chain script '/home/hsy/Mypro/create3_ws/install/setup.ps1'
[31.385s] INFO:colcon.colcon_core.shell:Creating prefix script '/home/hsy/Mypro/create3_ws/install/local_setup.sh'
[31.388s] INFO:colcon.colcon_core.shell:Creating prefix util module '/home/hsy/Mypro/create3_ws/install/_local_setup_util_sh.py'
[31.391s] INFO:colcon.colcon_core.shell:Creating prefix chain script '/home/hsy/Mypro/create3_ws/install/setup.sh'
[31.396s] INFO:colcon.colcon_core.shell:Creating prefix script '/home/hsy/Mypro/create3_ws/install/local_setup.bash'
[31.397s] INFO:colcon.colcon_core.shell:Creating prefix chain script '/home/hsy/Mypro/create3_ws/install/setup.bash'
[31.400s] INFO:colcon.colcon_core.shell:Creating prefix script '/home/hsy/Mypro/create3_ws/install/local_setup.zsh'
[31.403s] INFO:colcon.colcon_core.shell:Creating prefix chain script '/home/hsy/Mypro/create3_ws/install/setup.zsh'
