[0.585s] DEBUG:colcon:Command line arguments: ['/usr/bin/colcon', 'build', '--packages-select', 'edge_following']
[0.586s] DEBUG:colcon:Parsed command line arguments: Namespace(allow_overriding=[], ament_cmake_args=None, base_paths=['.'], build_base='build', catkin_cmake_args=None, catkin_skip_building_tests=False, cmake_args=None, cmake_clean_cache=False, cmake_clean_first=False, cmake_force_configure=False, cmake_target=None, cmake_target_skip_unavailable=False, continue_on_error=False, event_handlers=None, executor='parallel', ignore_user_meta=False, install_base='install', log_base=None, log_level=None, main=<bound method BuildVerb.main of <colcon_core.verb.build.BuildVerb object at 0x7f5449b08460>>, merge_install=False, metas=['./colcon.meta'], packages_above=None, packages_above_and_dependencies=None, packages_above_depth=None, packages_end=None, packages_ignore=None, packages_ignore_regex=None, packages_select=['edge_following'], packages_select_build_failed=False, packages_select_by_dep=None, packages_select_regex=None, packages_select_test_failures=False, packages_skip=None, packages_skip_build_finished=False, packages_skip_by_dep=None, packages_skip_regex=None, packages_skip_test_passed=False, packages_skip_up_to=None, packages_start=None, packages_up_to=None, packages_up_to_regex=None, parallel_workers=8, paths=None, symlink_install=False, test_result_base=None, verb_extension=<colcon_core.verb.build.BuildVerb object at 0x7f5449b08460>, verb_name='build', verb_parser=<colcon_defaults.argument_parser.defaults.DefaultArgumentsDecorator object at 0x7f5449a7ca00>)
[1.049s] Level 1:colcon.colcon_core.package_discovery:discover_packages(colcon_meta) check parameters
[1.049s] Level 1:colcon.colcon_core.package_discovery:discover_packages(recursive) check parameters
[1.049s] Level 1:colcon.colcon_core.package_discovery:discover_packages(ignore) check parameters
[1.050s] Level 1:colcon.colcon_core.package_discovery:discover_packages(path) check parameters
[1.050s] Level 1:colcon.colcon_core.package_discovery:discover_packages(colcon_meta) discover
[1.050s] Level 1:colcon.colcon_core.package_discovery:discover_packages(recursive) discover
[1.051s] INFO:colcon.colcon_core.package_discovery:Crawling recursively for packages in '/home/hsy/Mypro/create3_ws'
[1.051s] Level 1:colcon.colcon_core.package_identification:_identify(.) by extensions ['ignore', 'ignore_ament_install']
[1.052s] Level 1:colcon.colcon_core.package_identification:_identify(.) by extension 'ignore'
[1.052s] Level 1:colcon.colcon_core.package_identification:_identify(.) by extension 'ignore_ament_install'
[1.053s] Level 1:colcon.colcon_core.package_identification:_identify(.) by extensions ['colcon_pkg']
[1.053s] Level 1:colcon.colcon_core.package_identification:_identify(.) by extension 'colcon_pkg'
[1.054s] Level 1:colcon.colcon_core.package_identification:_identify(.) by extensions ['colcon_meta']
[1.054s] Level 1:colcon.colcon_core.package_identification:_identify(.) by extension 'colcon_meta'
[1.054s] Level 1:colcon.colcon_core.package_identification:_identify(.) by extensions ['ros']
[1.054s] Level 1:colcon.colcon_core.package_identification:_identify(.) by extension 'ros'
[1.091s] Level 1:colcon.colcon_core.package_identification:_identify(.) by extensions ['cmake', 'python']
[1.092s] Level 1:colcon.colcon_core.package_identification:_identify(.) by extension 'cmake'
[1.092s] Level 1:colcon.colcon_core.package_identification:_identify(.) by extension 'python'
[1.092s] Level 1:colcon.colcon_core.package_identification:_identify(.) by extensions ['python_setup_py']
[1.092s] Level 1:colcon.colcon_core.package_identification:_identify(.) by extension 'python_setup_py'
[1.092s] Level 1:colcon.colcon_core.package_identification:_identify(build) by extensions ['ignore', 'ignore_ament_install']
[1.092s] Level 1:colcon.colcon_core.package_identification:_identify(build) by extension 'ignore'
[1.092s] Level 1:colcon.colcon_core.package_identification:_identify(build) ignored
[1.093s] Level 1:colcon.colcon_core.package_identification:_identify(install) by extensions ['ignore', 'ignore_ament_install']
[1.093s] Level 1:colcon.colcon_core.package_identification:_identify(install) by extension 'ignore'
[1.093s] Level 1:colcon.colcon_core.package_identification:_identify(install) ignored
[1.094s] Level 1:colcon.colcon_core.package_identification:_identify(log) by extensions ['ignore', 'ignore_ament_install']
[1.094s] Level 1:colcon.colcon_core.package_identification:_identify(log) by extension 'ignore'
[1.094s] Level 1:colcon.colcon_core.package_identification:_identify(log) ignored
[1.095s] Level 1:colcon.colcon_core.package_identification:_identify(src) by extensions ['ignore', 'ignore_ament_install']
[1.095s] Level 1:colcon.colcon_core.package_identification:_identify(src) by extension 'ignore'
[1.095s] Level 1:colcon.colcon_core.package_identification:_identify(src) by extension 'ignore_ament_install'
[1.095s] Level 1:colcon.colcon_core.package_identification:_identify(src) by extensions ['colcon_pkg']
[1.096s] Level 1:colcon.colcon_core.package_identification:_identify(src) by extension 'colcon_pkg'
[1.096s] Level 1:colcon.colcon_core.package_identification:_identify(src) by extensions ['colcon_meta']
[1.096s] Level 1:colcon.colcon_core.package_identification:_identify(src) by extension 'colcon_meta'
[1.096s] Level 1:colcon.colcon_core.package_identification:_identify(src) by extensions ['ros']
[1.096s] Level 1:colcon.colcon_core.package_identification:_identify(src) by extension 'ros'
[1.096s] Level 1:colcon.colcon_core.package_identification:_identify(src) by extensions ['cmake', 'python']
[1.096s] Level 1:colcon.colcon_core.package_identification:_identify(src) by extension 'cmake'
[1.097s] Level 1:colcon.colcon_core.package_identification:_identify(src) by extension 'python'
[1.097s] Level 1:colcon.colcon_core.package_identification:_identify(src) by extensions ['python_setup_py']
[1.097s] Level 1:colcon.colcon_core.package_identification:_identify(src) by extension 'python_setup_py'
[1.097s] Level 1:colcon.colcon_core.package_identification:_identify(src/edge_following) by extensions ['ignore', 'ignore_ament_install']
[1.098s] Level 1:colcon.colcon_core.package_identification:_identify(src/edge_following) by extension 'ignore'
[1.098s] Level 1:colcon.colcon_core.package_identification:_identify(src/edge_following) by extension 'ignore_ament_install'
[1.098s] Level 1:colcon.colcon_core.package_identification:_identify(src/edge_following) by extensions ['colcon_pkg']
[1.098s] Level 1:colcon.colcon_core.package_identification:_identify(src/edge_following) by extension 'colcon_pkg'
[1.098s] Level 1:colcon.colcon_core.package_identification:_identify(src/edge_following) by extensions ['colcon_meta']
[1.098s] Level 1:colcon.colcon_core.package_identification:_identify(src/edge_following) by extension 'colcon_meta'
[1.098s] Level 1:colcon.colcon_core.package_identification:_identify(src/edge_following) by extensions ['ros']
[1.098s] Level 1:colcon.colcon_core.package_identification:_identify(src/edge_following) by extension 'ros'
[1.106s] DEBUG:colcon.colcon_core.package_identification:Package 'src/edge_following' with type 'ros.ament_cmake' and name 'edge_following'
[1.106s] Level 1:colcon.colcon_core.package_identification:_identify(src/line_laser) by extensions ['ignore', 'ignore_ament_install']
[1.106s] Level 1:colcon.colcon_core.package_identification:_identify(src/line_laser) by extension 'ignore'
[1.107s] Level 1:colcon.colcon_core.package_identification:_identify(src/line_laser) by extension 'ignore_ament_install'
[1.107s] Level 1:colcon.colcon_core.package_identification:_identify(src/line_laser) by extensions ['colcon_pkg']
[1.107s] Level 1:colcon.colcon_core.package_identification:_identify(src/line_laser) by extension 'colcon_pkg'
[1.107s] Level 1:colcon.colcon_core.package_identification:_identify(src/line_laser) by extensions ['colcon_meta']
[1.107s] Level 1:colcon.colcon_core.package_identification:_identify(src/line_laser) by extension 'colcon_meta'
[1.107s] Level 1:colcon.colcon_core.package_identification:_identify(src/line_laser) by extensions ['ros']
[1.107s] Level 1:colcon.colcon_core.package_identification:_identify(src/line_laser) by extension 'ros'
[1.108s] DEBUG:colcon.colcon_core.package_identification:Package 'src/line_laser' with type 'ros.ament_cmake' and name 'line_laser'
[1.109s] Level 1:colcon.colcon_core.package_discovery:discover_packages(recursive) using defaults
[1.109s] Level 1:colcon.colcon_core.package_discovery:discover_packages(ignore) discover
[1.109s] Level 1:colcon.colcon_core.package_discovery:discover_packages(ignore) using defaults
[1.109s] Level 1:colcon.colcon_core.package_discovery:discover_packages(path) discover
[1.109s] Level 1:colcon.colcon_core.package_discovery:discover_packages(path) using defaults
[1.154s] INFO:colcon.colcon_core.package_selection:Skipping not selected package 'line_laser' in 'src/line_laser'
[1.155s] Level 1:colcon.colcon_core.package_discovery:discover_packages(prefix_path) check parameters
[1.155s] Level 1:colcon.colcon_core.package_discovery:discover_packages(prefix_path) discover
[1.161s] DEBUG:colcon.colcon_installed_package_information.package_discovery:Found 1 installed packages in /home/hsy/Mypro/create3_ws/install
[1.165s] DEBUG:colcon.colcon_installed_package_information.package_discovery:Found 268 installed packages in /opt/ros/galactic
[1.174s] Level 1:colcon.colcon_core.package_discovery:discover_packages(prefix_path) using defaults
[1.380s] Level 5:colcon.colcon_core.verb:set package 'edge_following' build argument 'cmake_args' from command line to 'None'
[1.381s] Level 5:colcon.colcon_core.verb:set package 'edge_following' build argument 'cmake_target' from command line to 'None'
[1.381s] Level 5:colcon.colcon_core.verb:set package 'edge_following' build argument 'cmake_target_skip_unavailable' from command line to 'False'
[1.381s] Level 5:colcon.colcon_core.verb:set package 'edge_following' build argument 'cmake_clean_cache' from command line to 'False'
[1.381s] Level 5:colcon.colcon_core.verb:set package 'edge_following' build argument 'cmake_clean_first' from command line to 'False'
[1.381s] Level 5:colcon.colcon_core.verb:set package 'edge_following' build argument 'cmake_force_configure' from command line to 'False'
[1.381s] Level 5:colcon.colcon_core.verb:set package 'edge_following' build argument 'ament_cmake_args' from command line to 'None'
[1.381s] Level 5:colcon.colcon_core.verb:set package 'edge_following' build argument 'catkin_cmake_args' from command line to 'None'
[1.381s] Level 5:colcon.colcon_core.verb:set package 'edge_following' build argument 'catkin_skip_building_tests' from command line to 'False'
[1.381s] DEBUG:colcon.colcon_core.verb:Building package 'edge_following' with the following arguments: {'ament_cmake_args': None, 'build_base': '/home/hsy/Mypro/create3_ws/build/edge_following', 'catkin_cmake_args': None, 'catkin_skip_building_tests': False, 'cmake_args': None, 'cmake_clean_cache': False, 'cmake_clean_first': False, 'cmake_force_configure': False, 'cmake_target': None, 'cmake_target_skip_unavailable': False, 'install_base': '/home/hsy/Mypro/create3_ws/install/edge_following', 'merge_install': False, 'path': '/home/hsy/Mypro/create3_ws/src/edge_following', 'symlink_install': False, 'test_result_base': None}
[1.382s] INFO:colcon.colcon_core.executor:Executing jobs using 'parallel' executor
[1.385s] DEBUG:colcon.colcon_parallel_executor.executor.parallel:run_until_complete
[1.385s] INFO:colcon.colcon_ros.task.ament_cmake.build:Building ROS package in '/home/hsy/Mypro/create3_ws/src/edge_following' with build type 'ament_cmake'
[1.386s] INFO:colcon.colcon_cmake.task.cmake.build:Building CMake package in '/home/hsy/Mypro/create3_ws/src/edge_following'
[1.392s] INFO:colcon.colcon_core.plugin_system:Skipping extension 'colcon_core.shell.bat': Not used on non-Windows systems
[1.393s] INFO:colcon.colcon_core.shell:Skip shell extension 'powershell' for command environment: Not usable outside of PowerShell
[1.393s] DEBUG:colcon.colcon_core.shell:Skip shell extension 'dsv' for command environment
[1.431s] DEBUG:colcon.colcon_core.event_handler.log_command:Invoking command in '/home/hsy/Mypro/create3_ws/build/edge_following': CMAKE_PREFIX_PATH=${CMAKE_PREFIX_PATH}:/opt/ros/galactic /usr/bin/cmake --build /home/hsy/Mypro/create3_ws/build/edge_following -- -j8 -l8
[27.760s] DEBUG:colcon.colcon_core.event_handler.log_command:Invoked command in '/home/hsy/Mypro/create3_ws/build/edge_following' returned '0': CMAKE_PREFIX_PATH=${CMAKE_PREFIX_PATH}:/opt/ros/galactic /usr/bin/cmake --build /home/hsy/Mypro/create3_ws/build/edge_following -- -j8 -l8
[27.799s] DEBUG:colcon.colcon_core.event_handler.log_command:Invoking command in '/home/hsy/Mypro/create3_ws/build/edge_following': CMAKE_PREFIX_PATH=${CMAKE_PREFIX_PATH}:/opt/ros/galactic /usr/bin/cmake --install /home/hsy/Mypro/create3_ws/build/edge_following
[27.844s] Level 1:colcon.colcon_core.environment:create_environment_scripts_only(edge_following)
[27.847s] DEBUG:colcon.colcon_core.event_handler.log_command:Invoked command in '/home/hsy/Mypro/create3_ws/build/edge_following' returned '0': CMAKE_PREFIX_PATH=${CMAKE_PREFIX_PATH}:/opt/ros/galactic /usr/bin/cmake --install /home/hsy/Mypro/create3_ws/build/edge_following
[27.854s] Level 1:colcon.colcon_core.environment:checking '/home/hsy/Mypro/create3_ws/install/edge_following' for CMake module files
[27.856s] Level 1:colcon.colcon_core.environment:checking '/home/hsy/Mypro/create3_ws/install/edge_following' for CMake config files
[27.857s] Level 1:colcon.colcon_core.shell:create_environment_hook('edge_following', 'cmake_prefix_path')
[27.858s] INFO:colcon.colcon_core.shell:Creating environment hook '/home/hsy/Mypro/create3_ws/install/edge_following/share/edge_following/hook/cmake_prefix_path.ps1'
[27.860s] INFO:colcon.colcon_core.shell:Creating environment descriptor '/home/hsy/Mypro/create3_ws/install/edge_following/share/edge_following/hook/cmake_prefix_path.dsv'
[27.862s] INFO:colcon.colcon_core.shell:Creating environment hook '/home/hsy/Mypro/create3_ws/install/edge_following/share/edge_following/hook/cmake_prefix_path.sh'
[27.866s] Level 1:colcon.colcon_core.environment:checking '/home/hsy/Mypro/create3_ws/install/edge_following/lib'
[27.866s] Level 1:colcon.colcon_core.environment:checking '/home/hsy/Mypro/create3_ws/install/edge_following/bin'
[27.867s] Level 1:colcon.colcon_core.environment:checking '/home/hsy/Mypro/create3_ws/install/edge_following/lib/pkgconfig/edge_following.pc'
[27.868s] Level 1:colcon.colcon_core.environment:checking '/home/hsy/Mypro/create3_ws/install/edge_following/lib/python3.8/site-packages'
[27.868s] Level 1:colcon.colcon_core.environment:checking '/home/hsy/Mypro/create3_ws/install/edge_following/bin'
[27.870s] INFO:colcon.colcon_core.shell:Creating package script '/home/hsy/Mypro/create3_ws/install/edge_following/share/edge_following/package.ps1'
[27.872s] INFO:colcon.colcon_core.shell:Creating package descriptor '/home/hsy/Mypro/create3_ws/install/edge_following/share/edge_following/package.dsv'
[27.874s] INFO:colcon.colcon_core.shell:Creating package script '/home/hsy/Mypro/create3_ws/install/edge_following/share/edge_following/package.sh'
[27.876s] INFO:colcon.colcon_core.shell:Creating package script '/home/hsy/Mypro/create3_ws/install/edge_following/share/edge_following/package.bash'
[27.878s] INFO:colcon.colcon_core.shell:Creating package script '/home/hsy/Mypro/create3_ws/install/edge_following/share/edge_following/package.zsh'
[27.880s] Level 1:colcon.colcon_core.environment:create_file_with_runtime_dependencies(/home/hsy/Mypro/create3_ws/install/edge_following/share/colcon-core/packages/edge_following)
[27.883s] Level 1:colcon.colcon_core.environment:create_environment_scripts_only(edge_following)
[27.884s] Level 1:colcon.colcon_core.environment:checking '/home/hsy/Mypro/create3_ws/install/edge_following' for CMake module files
[27.885s] Level 1:colcon.colcon_core.environment:checking '/home/hsy/Mypro/create3_ws/install/edge_following' for CMake config files
[27.886s] Level 1:colcon.colcon_core.shell:create_environment_hook('edge_following', 'cmake_prefix_path')
[27.887s] INFO:colcon.colcon_core.shell:Creating environment hook '/home/hsy/Mypro/create3_ws/install/edge_following/share/edge_following/hook/cmake_prefix_path.ps1'
[27.890s] INFO:colcon.colcon_core.shell:Creating environment descriptor '/home/hsy/Mypro/create3_ws/install/edge_following/share/edge_following/hook/cmake_prefix_path.dsv'
[27.891s] INFO:colcon.colcon_core.shell:Creating environment hook '/home/hsy/Mypro/create3_ws/install/edge_following/share/edge_following/hook/cmake_prefix_path.sh'
[27.893s] Level 1:colcon.colcon_core.environment:checking '/home/hsy/Mypro/create3_ws/install/edge_following/lib'
[27.894s] Level 1:colcon.colcon_core.environment:checking '/home/hsy/Mypro/create3_ws/install/edge_following/bin'
[27.894s] Level 1:colcon.colcon_core.environment:checking '/home/hsy/Mypro/create3_ws/install/edge_following/lib/pkgconfig/edge_following.pc'
[27.895s] Level 1:colcon.colcon_core.environment:checking '/home/hsy/Mypro/create3_ws/install/edge_following/lib/python3.8/site-packages'
[27.895s] Level 1:colcon.colcon_core.environment:checking '/home/hsy/Mypro/create3_ws/install/edge_following/bin'
[27.896s] INFO:colcon.colcon_core.shell:Creating package script '/home/hsy/Mypro/create3_ws/install/edge_following/share/edge_following/package.ps1'
[27.898s] INFO:colcon.colcon_core.shell:Creating package descriptor '/home/hsy/Mypro/create3_ws/install/edge_following/share/edge_following/package.dsv'
[27.900s] INFO:colcon.colcon_core.shell:Creating package script '/home/hsy/Mypro/create3_ws/install/edge_following/share/edge_following/package.sh'
[27.901s] INFO:colcon.colcon_core.shell:Creating package script '/home/hsy/Mypro/create3_ws/install/edge_following/share/edge_following/package.bash'
[27.903s] INFO:colcon.colcon_core.shell:Creating package script '/home/hsy/Mypro/create3_ws/install/edge_following/share/edge_following/package.zsh'
[27.904s] Level 1:colcon.colcon_core.environment:create_file_with_runtime_dependencies(/home/hsy/Mypro/create3_ws/install/edge_following/share/colcon-core/packages/edge_following)
[27.906s] DEBUG:colcon.colcon_parallel_executor.executor.parallel:closing loop
[27.907s] DEBUG:colcon.colcon_parallel_executor.executor.parallel:loop closed
[27.908s] DEBUG:colcon.colcon_parallel_executor.executor.parallel:run_until_complete finished with '0'
[27.909s] DEBUG:colcon.colcon_core.event_reactor:joining thread
[27.925s] INFO:colcon.colcon_core.plugin_system:Skipping extension 'colcon_notification.desktop_notification.terminal_notifier': Not used on non-Darwin systems
[27.925s] INFO:colcon.colcon_core.plugin_system:Skipping extension 'colcon_notification.desktop_notification.win32': Not used on non-Windows systems
[27.925s] INFO:colcon.colcon_notification.desktop_notification:Sending desktop notification using 'notify2'
[27.976s] DEBUG:colcon.colcon_core.event_reactor:joined thread
[27.976s] INFO:colcon.colcon_core.shell:Creating prefix script '/home/hsy/Mypro/create3_ws/install/local_setup.ps1'
[27.979s] INFO:colcon.colcon_core.shell:Creating prefix util module '/home/hsy/Mypro/create3_ws/install/_local_setup_util_ps1.py'
[27.982s] INFO:colcon.colcon_core.shell:Creating prefix chain script '/home/hsy/Mypro/create3_ws/install/setup.ps1'
[27.985s] INFO:colcon.colcon_core.shell:Creating prefix script '/home/hsy/Mypro/create3_ws/install/local_setup.sh'
[27.987s] INFO:colcon.colcon_core.shell:Creating prefix util module '/home/hsy/Mypro/create3_ws/install/_local_setup_util_sh.py'
[27.990s] INFO:colcon.colcon_core.shell:Creating prefix chain script '/home/hsy/Mypro/create3_ws/install/setup.sh'
[27.994s] INFO:colcon.colcon_core.shell:Creating prefix script '/home/hsy/Mypro/create3_ws/install/local_setup.bash'
[27.996s] INFO:colcon.colcon_core.shell:Creating prefix chain script '/home/hsy/Mypro/create3_ws/install/setup.bash'
[27.999s] INFO:colcon.colcon_core.shell:Creating prefix script '/home/hsy/Mypro/create3_ws/install/local_setup.zsh'
[28.001s] INFO:colcon.colcon_core.shell:Creating prefix chain script '/home/hsy/Mypro/create3_ws/install/setup.zsh'
