-- The C compiler identification is GNU 9.4.0
-- The CXX compiler identification is GNU 9.4.0
-- Check for working C compiler: /usr/bin/cc
-- Check for working C compiler: /usr/bin/cc -- works
-- Detecting C compiler ABI info
-- Detecting C compiler ABI info - done
-- Detecting C compile features
-- Detecting C compile features - done
-- Check for working CXX compiler: /usr/bin/c++
-- Check for working CXX compiler: /usr/bin/c++ -- works
-- Detecting CXX compiler ABI info
-- Detecting CXX compiler ABI info - done
-- Detecting CXX compile features
-- Detecting CXX compile features - done
-- Found ament_cmake: 1.1.6 (/opt/ros/galactic/share/ament_cmake/cmake)
-- Found PythonInterp: /usr/bin/python3 (found suitable version "3.8.10", minimum required is "3") 
-- Using PYTHON_EXECUTABLE: /usr/bin/python3
-- Found rclcpp: 9.2.2 (/opt/ros/galactic/share/rclcpp/cmake)
-- Using all available rosidl_typesupport_c: rosidl_typesupport_fastrtps_c;rosidl_typesupport_introspection_c
-- Found rosidl_adapter: 2.2.3 (/opt/ros/galactic/share/rosidl_adapter/cmake)
-- Found OpenSSL: /usr/lib/x86_64-linux-gnu/libcrypto.so (found version "1.1.1f")  
-- Found FastRTPS: /opt/ros/galactic/include  
-- Using all available rosidl_typesupport_cpp: rosidl_typesupport_fastrtps_cpp;rosidl_typesupport_introspection_cpp
-- Found rmw_implementation_cmake: 3.3.1 (/opt/ros/galactic/share/rmw_implementation_cmake/cmake)
-- Found rmw_fastrtps_cpp: 5.0.2 (/opt/ros/galactic/share/rmw_fastrtps_cpp/cmake)
-- Using RMW implementation 'rmw_fastrtps_cpp' as default
-- Looking for pthread.h
-- Looking for pthread.h - found
-- Performing Test CMAKE_HAVE_LIBC_PTHREAD
-- Performing Test CMAKE_HAVE_LIBC_PTHREAD - Failed
-- Looking for pthread_create in pthreads
-- Looking for pthread_create in pthreads - not found
-- Looking for pthread_create in pthread
-- Looking for pthread_create in pthread - found
-- Found Threads: TRUE  
-- Found sensor_msgs: 2.2.4 (/opt/ros/galactic/share/sensor_msgs/cmake)
-- Found tf2_ros: 0.17.5 (/opt/ros/galactic/share/tf2_ros/cmake)
-- Found laser_geometry: 2.2.1 (/opt/ros/galactic/share/laser_geometry/cmake)
-- Found tf2_sensor_msgs: 0.17.5 (/opt/ros/galactic/share/tf2_sensor_msgs/cmake)
-- Found tf2_geometry_msgs: 0.17.5 (/opt/ros/galactic/share/tf2_geometry_msgs/cmake)
-- Found Eigen3: TRUE (found version "3.3.7") 
-- Found ament_lint_auto: 0.10.7 (/opt/ros/galactic/share/ament_lint_auto/cmake)
-- Added test 'copyright' to check source files copyright and LICENSE
-- Added test 'cppcheck' to perform static code analysis on C / C++ code
-- Configured cppcheck include dirs: $<BUILD_INTERFACE:/home/hsy/Mypro/create3_ws/src/line_laser/include>
-- Configured cppcheck exclude dirs and/or files: 
-- Added test 'cpplint' to check C / C++ code against the Google style
-- Configured cpplint exclude dirs and/or files: 
-- Added test 'lint_cmake' to check CMake code style
-- Added test 'uncrustify' to check C / C++ code style
-- Configured uncrustify additional arguments: 
-- Added test 'xmllint' to check XML markup files
-- Configuring done
-- Generating done
-- Build files have been written to: /home/hsy/Mypro/create3_ws/build/line_laser
[35m[1mScanning dependencies of target line_laser_node[0m
[ 50%] [32mBuilding CXX object CMakeFiles/line_laser_node.dir/src/line_laser_node.cpp.o[0m
[100%] [32m[1mLinking CXX executable line_laser_node[0m
[100%] Built target line_laser_node
-- Install configuration: ""
-- Installing: /home/hsy/Mypro/create3_ws/install/line_laser/lib/line_laser/line_laser_node
-- Set runtime path of "/home/hsy/Mypro/create3_ws/install/line_laser/lib/line_laser/line_laser_node" to ""
-- Installing: /home/hsy/Mypro/create3_ws/install/line_laser/share/ament_index/resource_index/package_run_dependencies/line_laser
-- Installing: /home/hsy/Mypro/create3_ws/install/line_laser/share/ament_index/resource_index/parent_prefix_path/line_laser
-- Installing: /home/hsy/Mypro/create3_ws/install/line_laser/share/line_laser/environment/ament_prefix_path.sh
-- Installing: /home/hsy/Mypro/create3_ws/install/line_laser/share/line_laser/environment/ament_prefix_path.dsv
-- Installing: /home/hsy/Mypro/create3_ws/install/line_laser/share/line_laser/environment/path.sh
-- Installing: /home/hsy/Mypro/create3_ws/install/line_laser/share/line_laser/environment/path.dsv
-- Installing: /home/hsy/Mypro/create3_ws/install/line_laser/share/line_laser/local_setup.bash
-- Installing: /home/hsy/Mypro/create3_ws/install/line_laser/share/line_laser/local_setup.sh
-- Installing: /home/hsy/Mypro/create3_ws/install/line_laser/share/line_laser/local_setup.zsh
-- Installing: /home/hsy/Mypro/create3_ws/install/line_laser/share/line_laser/local_setup.dsv
-- Installing: /home/hsy/Mypro/create3_ws/install/line_laser/share/line_laser/package.dsv
-- Installing: /home/hsy/Mypro/create3_ws/install/line_laser/share/ament_index/resource_index/packages/line_laser
-- Installing: /home/hsy/Mypro/create3_ws/install/line_laser/share/line_laser/cmake/line_laserConfig.cmake
-- Installing: /home/hsy/Mypro/create3_ws/install/line_laser/share/line_laser/cmake/line_laserConfig-version.cmake
-- Installing: /home/hsy/Mypro/create3_ws/install/line_laser/share/line_laser/package.xml
