-- The C compiler identification is GNU 9.4.0
-- The CXX compiler identification is GNU 9.4.0
-- Detecting C compiler ABI info
-- Detecting C compiler ABI info - done
-- Check for working C compiler: /usr/bin/cc - skipped
-- Detecting C compile features
-- Detecting C compile features - done
-- Detecting CXX compiler ABI info
-- Detecting CXX compiler ABI info - done
-- Check for working CXX compiler: /usr/bin/c++ - skipped
-- Detecting CXX compile features
-- Detecting CXX compile features - done
-- Found ament_cmake: 1.1.6 (/opt/ros/galactic/share/ament_cmake/cmake)
-- Found PythonInterp: /usr/bin/python3 (found suitable version "3.8.10", minimum required is "3") 
-- Using PYTHON_EXECUTABLE: /usr/bin/python3
[31mCMake Error at CMakeLists.txt:10 (find_package):
  By not providing "Findxacro.cmake" in CMAKE_MODULE_PATH this project has
  asked CMake to find a package configuration file provided by "xacro", but
  CMake did not find one.

  Could not find a package configuration file provided by "xacro" with any of
  the following names:

    xacroConfig.cmake
-- Configuring incomplete, errors occurred!
See also "/home/shan2/Mypro/robot_vacuum_ws/build/vacuum_robot/CMakeFiles/CMakeOutput.log".
    xacro-config.cmake

  Add the installation prefix of "xacro" to CMAKE_PREFIX_PATH or set
  "xacro_DIR" to a directory containing one of the above files.  If "xacro"
  provides a separate development package or SDK, be sure it has been
  installed.

[0m
