[35m[1mScanning dependencies of target edge_following_node[0m
[ 50%] [32mBuilding CXX object CMakeFiles/edge_following_node.dir/src/edge_following_node.cpp.o[0m
[01m[K/home/hsy/Mypro/create3_ws/src/edge_following/src/edge_following_node.cpp:[m[K In member function ‘[01m[Kvoid EdgeFollower::handle_rotating_left(sensor_msgs::msg::LaserScan_<std::allocator<void> >::SharedPtr)[m[K’:
[01m[K/home/hsy/Mypro/create3_ws/src/edge_following/src/edge_following_node.cpp:155:76:[m[K [01;35m[Kwarning: [m[Kunused parameter ‘[01m[Kmsg[m[K’ [[01;35m[K-Wunused-parameter[m[K]
  155 |     void handle_rotating_left([01;35m[Kconst sensor_msgs::msg::LaserScan::SharedPtr msg[m[K) {
      |                               [01;35m[K~~~~~~~~~~~~~~~~~~~~~~~~~~~~~~~~~~~~~~~~~~~~~^~~[m[K
[01m[K/home/hsy/Mypro/create3_ws/src/edge_following/src/edge_following_node.cpp:[m[K In member function ‘[01m[Kvoid EdgeFollower::handle_wall_following(sensor_msgs::msg::LaserScan_<std::allocator<void> >::SharedPtr)[m[K’:
[01m[K/home/hsy/Mypro/create3_ws/src/edge_following/src/edge_following_node.cpp:176:25:[m[K [01;35m[Kwarning: [m[Kcomparison of integer expressions of different signedness: ‘[01m[Kint[m[K’ and ‘[01m[Kstd::vector<float>::size_type[m[K’ {aka ‘[01m[Klong unsigned int[m[K’} [[01;35m[K-Wsign-compare[m[K]
  176 |         if ([01;35m[Kright_index >= msg->ranges.size()[m[K) {
      |             [01;35m[K~~~~~~~~~~~~^~~~~~~~~~~~~~~~~~~~~[m[K
[100%] [32m[1mLinking CXX executable edge_following_node[0m
[100%] Built target edge_following_node
-- Install configuration: ""
-- Installing: /home/hsy/Mypro/create3_ws/install/edge_following/lib/edge_following/edge_following_node
-- Set runtime path of "/home/hsy/Mypro/create3_ws/install/edge_following/lib/edge_following/edge_following_node" to ""
-- Up-to-date: /home/hsy/Mypro/create3_ws/install/edge_following/share/ament_index/resource_index/package_run_dependencies/edge_following
-- Up-to-date: /home/hsy/Mypro/create3_ws/install/edge_following/share/ament_index/resource_index/parent_prefix_path/edge_following
-- Up-to-date: /home/hsy/Mypro/create3_ws/install/edge_following/share/edge_following/environment/ament_prefix_path.sh
-- Up-to-date: /home/hsy/Mypro/create3_ws/install/edge_following/share/edge_following/environment/ament_prefix_path.dsv
-- Up-to-date: /home/hsy/Mypro/create3_ws/install/edge_following/share/edge_following/environment/path.sh
-- Up-to-date: /home/hsy/Mypro/create3_ws/install/edge_following/share/edge_following/environment/path.dsv
-- Up-to-date: /home/hsy/Mypro/create3_ws/install/edge_following/share/edge_following/local_setup.bash
-- Up-to-date: /home/hsy/Mypro/create3_ws/install/edge_following/share/edge_following/local_setup.sh
-- Up-to-date: /home/hsy/Mypro/create3_ws/install/edge_following/share/edge_following/local_setup.zsh
-- Up-to-date: /home/hsy/Mypro/create3_ws/install/edge_following/share/edge_following/local_setup.dsv
-- Installing: /home/hsy/Mypro/create3_ws/install/edge_following/share/edge_following/package.dsv
-- Up-to-date: /home/hsy/Mypro/create3_ws/install/edge_following/share/ament_index/resource_index/packages/edge_following
-- Up-to-date: /home/hsy/Mypro/create3_ws/install/edge_following/share/edge_following/cmake/edge_followingConfig.cmake
-- Up-to-date: /home/hsy/Mypro/create3_ws/install/edge_following/share/edge_following/cmake/edge_followingConfig-version.cmake
-- Up-to-date: /home/hsy/Mypro/create3_ws/install/edge_following/share/edge_following/package.xml
