[0.047s] Invoking command in '/home/hsy/Mypro/create3_ws/build/edge_following': CMAKE_PREFIX_PATH=${CMAKE_PREFIX_PATH}:/opt/ros/galactic /usr/bin/cmake --build /home/hsy/Mypro/create3_ws/build/edge_following -- -j8 -l8
[0.163s] [35m[1mScanning dependencies of target edge_following_node[0m
[0.252s] [ 50%] [32mBuilding CXX object CMakeFiles/edge_following_node.dir/src/edge_following_node.cpp.o[0m
[7.785s] [01m[K/home/hsy/Mypro/create3_ws/src/edge_following/src/edge_following_node.cpp:[m[K In member function ‘[01m[Kvoid EdgeFollower::handle_rotating_left(sensor_msgs::msg::LaserScan_<std::allocator<void> >::SharedPtr)[m[K’:
[7.785s] [01m[K/home/hsy/Mypro/create3_ws/src/edge_following/src/edge_following_node.cpp:155:76:[m[K [01;35m[Kwarning: [m[Kunused parameter ‘[01m[Kmsg[m[K’ [[01;35m[K-Wunused-parameter[m[K]
[7.785s]   155 |     void handle_rotating_left([01;35m[Kconst sensor_msgs::msg::LaserScan::SharedPtr msg[m[K) {
[7.786s]       |                               [01;35m[K~~~~~~~~~~~~~~~~~~~~~~~~~~~~~~~~~~~~~~~~~~~~~^~~[m[K
[7.786s] [01m[K/home/hsy/Mypro/create3_ws/src/edge_following/src/edge_following_node.cpp:[m[K In member function ‘[01m[Kvoid EdgeFollower::handle_wall_following(sensor_msgs::msg::LaserScan_<std::allocator<void> >::SharedPtr)[m[K’:
[7.787s] [01m[K/home/hsy/Mypro/create3_ws/src/edge_following/src/edge_following_node.cpp:176:25:[m[K [01;35m[Kwarning: [m[Kcomparison of integer expressions of different signedness: ‘[01m[Kint[m[K’ and ‘[01m[Kstd::vector<float>::size_type[m[K’ {aka ‘[01m[Klong unsigned int[m[K’} [[01;35m[K-Wsign-compare[m[K]
[7.787s]   176 |         if ([01;35m[Kright_index >= msg->ranges.size()[m[K) {
[7.787s]       |             [01;35m[K~~~~~~~~~~~~^~~~~~~~~~~~~~~~~~~~~[m[K
[25.784s] [100%] [32m[1mLinking CXX executable edge_following_node[0m
[26.898s] [100%] Built target edge_following_node
[26.929s] Invoked command in '/home/hsy/Mypro/create3_ws/build/edge_following' returned '0': CMAKE_PREFIX_PATH=${CMAKE_PREFIX_PATH}:/opt/ros/galactic /usr/bin/cmake --build /home/hsy/Mypro/create3_ws/build/edge_following -- -j8 -l8
[26.987s] Invoking command in '/home/hsy/Mypro/create3_ws/build/edge_following': CMAKE_PREFIX_PATH=${CMAKE_PREFIX_PATH}:/opt/ros/galactic /usr/bin/cmake --install /home/hsy/Mypro/create3_ws/build/edge_following
[27.015s] -- Install configuration: ""
[27.015s] -- Installing: /home/hsy/Mypro/create3_ws/install/edge_following/lib/edge_following/edge_following_node
[27.025s] -- Set runtime path of "/home/hsy/Mypro/create3_ws/install/edge_following/lib/edge_following/edge_following_node" to ""
[27.025s] -- Up-to-date: /home/hsy/Mypro/create3_ws/install/edge_following/share/ament_index/resource_index/package_run_dependencies/edge_following
[27.026s] -- Up-to-date: /home/hsy/Mypro/create3_ws/install/edge_following/share/ament_index/resource_index/parent_prefix_path/edge_following
[27.026s] -- Up-to-date: /home/hsy/Mypro/create3_ws/install/edge_following/share/edge_following/environment/ament_prefix_path.sh
[27.026s] -- Up-to-date: /home/hsy/Mypro/create3_ws/install/edge_following/share/edge_following/environment/ament_prefix_path.dsv
[27.027s] -- Up-to-date: /home/hsy/Mypro/create3_ws/install/edge_following/share/edge_following/environment/path.sh
[27.027s] -- Up-to-date: /home/hsy/Mypro/create3_ws/install/edge_following/share/edge_following/environment/path.dsv
[27.027s] -- Up-to-date: /home/hsy/Mypro/create3_ws/install/edge_following/share/edge_following/local_setup.bash
[27.028s] -- Up-to-date: /home/hsy/Mypro/create3_ws/install/edge_following/share/edge_following/local_setup.sh
[27.028s] -- Up-to-date: /home/hsy/Mypro/create3_ws/install/edge_following/share/edge_following/local_setup.zsh
[27.028s] -- Up-to-date: /home/hsy/Mypro/create3_ws/install/edge_following/share/edge_following/local_setup.dsv
[27.028s] -- Installing: /home/hsy/Mypro/create3_ws/install/edge_following/share/edge_following/package.dsv
[27.028s] -- Up-to-date: /home/hsy/Mypro/create3_ws/install/edge_following/share/ament_index/resource_index/packages/edge_following
[27.028s] -- Up-to-date: /home/hsy/Mypro/create3_ws/install/edge_following/share/edge_following/cmake/edge_followingConfig.cmake
[27.029s] -- Up-to-date: /home/hsy/Mypro/create3_ws/install/edge_following/share/edge_following/cmake/edge_followingConfig-version.cmake
[27.029s] -- Up-to-date: /home/hsy/Mypro/create3_ws/install/edge_following/share/edge_following/package.xml
[27.035s] Invoked command in '/home/hsy/Mypro/create3_ws/build/edge_following' returned '0': CMAKE_PREFIX_PATH=${CMAKE_PREFIX_PATH}:/opt/ros/galactic /usr/bin/cmake --install /home/hsy/Mypro/create3_ws/build/edge_following
